Archive member included to satisfy reference by file (symbol)

C:/Program Files/SEGGER/SEGGER Embedded Studio for ARM 4.16/lib/libc_v7em_t_le_eabi.a(libc2.o)
                              Output/FairDice Release/Obj/nrf_log_str_formatter.o (isprint)
C:/Program Files/SEGGER/SEGGER Embedded Studio for ARM 4.16/lib/libc_v7em_t_le_eabi.a(libc2_asm.o)
                              Output/FairDice Release/Obj/nrf_log_frontend.o (memcpy)
C:/Program Files/SEGGER/SEGGER Embedded Studio for ARM 4.16/lib/libc_v7em_t_le_eabi.a(libc.o)
                              C:/Program Files/SEGGER/SEGGER Embedded Studio for ARM 4.16/lib/libc_v7em_t_le_eabi.a(libc2.o) (__heap_lock)
C:/Program Files/SEGGER/SEGGER Embedded Studio for ARM 4.16/lib/libc_v7em_t_le_eabi.a(libc_asm.o)
                              C:/Program Files/SEGGER/SEGGER Embedded Studio for ARM 4.16/lib/libc_v7em_t_le_eabi.a(libc2.o) (__aeabi_uldivmod)
C:/Program Files/SEGGER/SEGGER Embedded Studio for ARM 4.16/lib/libdebugio_v7em_t_le_eabi.a(libdebugio.o)
                              Output/FairDice Release/Obj/thumb_crt0.o (debug_fopen)
C:/Program Files/SEGGER/SEGGER Embedded Studio for ARM 4.16/lib/libdebugio_mempoll_v7em_t_le_eabi.a(mempoll_debug_operations.o)
                              C:/Program Files/SEGGER/SEGGER Embedded Studio for ARM 4.16/lib/libdebugio_v7em_t_le_eabi.a(libdebugio.o) (__do_debug_operation)
C:/Program Files/SEGGER/SEGGER Embedded Studio for ARM 4.16/lib/libdebugio_mempoll_v7em_t_le_eabi.a(do_nv_debug_operation.o)
                              C:/Program Files/SEGGER/SEGGER Embedded Studio for ARM 4.16/lib/libdebugio_v7em_t_le_eabi.a(libdebugio.o) (__do_nvdebug_operation)
C:/Program Files/SEGGER/SEGGER Embedded Studio for ARM 4.16/lib/libm_v7em_t_le_eabi.a(libm_asm.o)
                              C:/Program Files/SEGGER/SEGGER Embedded Studio for ARM 4.16/lib/libc_v7em_t_le_eabi.a(libc2.o) (__aeabi_i2f)
C:/Program Files/SEGGER/SEGGER Embedded Studio for ARM 4.16/lib/libm_v7em_t_le_eabi.a(libm2.o)
                              C:/Program Files/SEGGER/SEGGER Embedded Studio for ARM 4.16/lib/libvfprintf_v7em_t_le_eabi.o (frexp)
C:/Program Files/SEGGER/SEGGER Embedded Studio for ARM 4.16/lib/libm_v7em_t_le_eabi.a(libm2_asm.o)
                              C:/Program Files/SEGGER/SEGGER Embedded Studio for ARM 4.16/lib/libm_v7em_t_le_eabi.a(libm2.o) (fabs)

Discarded input sections

 .text          0x0000000000000000        0x0 Output/FairDice Release/Obj/thumb_crt0.o
 .data          0x0000000000000000        0x0 Output/FairDice Release/Obj/thumb_crt0.o
 .bss           0x0000000000000000        0x0 Output/FairDice Release/Obj/thumb_crt0.o
 .text.__aeabi_read_tp
                0x0000000000000000        0x8 Output/FairDice Release/Obj/thumb_crt0.o
 .text.abort    0x0000000000000000        0x2 Output/FairDice Release/Obj/thumb_crt0.o
 .text.__assert
                0x0000000000000000        0x2 Output/FairDice Release/Obj/thumb_crt0.o
 .text.__aeabi_assert
                0x0000000000000000        0x2 Output/FairDice Release/Obj/thumb_crt0.o
 .text.__sync_synchronize
                0x0000000000000000        0x2 Output/FairDice Release/Obj/thumb_crt0.o
 .text.__getchar
                0x0000000000000000        0x4 Output/FairDice Release/Obj/thumb_crt0.o
 .text.__putchar
                0x0000000000000000        0x4 Output/FairDice Release/Obj/thumb_crt0.o
 .text.__open   0x0000000000000000        0x4 Output/FairDice Release/Obj/thumb_crt0.o
 .text.__close  0x0000000000000000        0x4 Output/FairDice Release/Obj/thumb_crt0.o
 .text.__write  0x0000000000000000        0xa Output/FairDice Release/Obj/thumb_crt0.o
 .text.__read   0x0000000000000000        0xa Output/FairDice Release/Obj/thumb_crt0.o
 .text.__seek   0x0000000000000000       0x1a Output/FairDice Release/Obj/thumb_crt0.o
 .bss.__user_locale_name_buffer
                0x0000000000000000        0x4 Output/FairDice Release/Obj/thumb_crt0.o
 .stack         0x0000000000000000        0x0 Output/FairDice Release/Obj/thumb_crt0.o
 .stack_process
                0x0000000000000000        0x0 Output/FairDice Release/Obj/thumb_crt0.o
 .heap          0x0000000000000000        0x0 Output/FairDice Release/Obj/thumb_crt0.o
 .group         0x0000000000000000        0xc Output/FairDice Release/Obj/nrf_log_backend_rtt.o
 .group         0x0000000000000000        0xc Output/FairDice Release/Obj/nrf_log_backend_rtt.o
 .group         0x0000000000000000        0xc Output/FairDice Release/Obj/nrf_log_backend_rtt.o
 .group         0x0000000000000000        0xc Output/FairDice Release/Obj/nrf_log_backend_rtt.o
 .group         0x0000000000000000        0xc Output/FairDice Release/Obj/nrf_log_backend_rtt.o
 .group         0x0000000000000000        0xc Output/FairDice Release/Obj/nrf_log_backend_rtt.o
 .group         0x0000000000000000        0xc Output/FairDice Release/Obj/nrf_log_backend_rtt.o
 .group         0x0000000000000000        0xc Output/FairDice Release/Obj/nrf_log_backend_rtt.o
[...]
Memory Configuration

Name             Origin             Length             Attributes
UNPLACED_SECTIONS 0x0000000100000000 0x0000000000000000 xw
RAM1             0x0000000020000000 0x0000000000006000 xw
FLASH            0x0000000000000000 0x0000000000030000 xw
*default*        0x0000000000000000 0xffffffffffffffff

Linker script and memory map

                0x0000000000000000                __vfprintf = __vfprintf_long
                0x0000000000000000                __vfscanf = __vfscanf_long
                0x0000000020000000                __RAM1_segment_start__ = 0x20000000
                0x0000000020006000                __RAM1_segment_end__ = 0x20006000
                0x0000000000006000                __RAM1_segment_size__ = 0x6000
                0x0000000000000000                __FLASH_segment_start__ = 0x0
                0x0000000000030000                __FLASH_segment_end__ = 0x30000
                0x0000000000030000                __FLASH_segment_size__ = 0x30000
                0x0000000000000800                __HEAPSIZE__ = 0x800
                0x0000000000000000                __STACKSIZE_PROCESS__ = 0x0
                0x0000000000000800                __STACKSIZE__ = 0x800
                0x0000000020000000                __reserved_ram_load_start__ = 0x20000000

.reserved_ram   0x0000000020000000     0x1ae0
                0x0000000020000000                __reserved_ram_start__ = .
 *(.reserved_ram .reserved_ram.*)
                0x0000000020001ae0                . = MAX (((__reserved_ram_start__ + 0x20001ae0) - 0x20000000), .)
 *fill*         0x0000000020000000     0x1ae0 
                0x0000000020001ae0                __reserved_ram_end__ = (__reserved_ram_start__ + SIZEOF (.reserved_ram))
                0x0000000000001ae0                __reserved_ram_size__ = SIZEOF (.reserved_ram)
                0x0000000020001ae0                __reserved_ram_load_end__ = __reserved_ram_end__
                0x0000000000000001                . = ASSERT (((__reserved_ram_start__ == __reserved_ram_end__) || ((__reserved_ram_end__ - __RAM1_segment_start__) <= __RAM1_segment_size__)), error: .reserved_ram is too large to fit in RAM1 memory segment)
                0x0000000020001ae0                __vectors_ram_load_start__ = 0x20001ae0

.vectors_ram    0x0000000020001ae0        0x0
                0x0000000020001ae0                __vectors_ram_start__ = .
                0x0000000020001ae0                __app_ram_start__ = __vectors_ram_start__
 *(.vectors_ram .vectors_ram.*)
                0x0000000020001ae0                __vectors_ram_end__ = (__vectors_ram_start__ + SIZEOF (.vectors_ram))
                0x0000000000000000                __vectors_ram_size__ = SIZEOF (.vectors_ram)
                0x0000000020001ae0                __vectors_ram_load_end__ = __vectors_ram_end__
                0x0000000000000001                . = ASSERT (((__vectors_ram_start__ == __vectors_ram_end__) || ((__vectors_ram_end__ - __RAM1_segment_start__) <= __RAM1_segment_size__)), error: .vectors_ram is too large to fit in RAM1 memory segment)
                0x0000000000000001                . = ASSERT ((__reserved_ram_end__ <= __vectors_ram_start__), error: section .reserved_ram overlaps absolute placed section .vectors_ram)
                0x0000000020001ae0                __nrf_sections_run_load_start__ = ALIGN (__vectors_ram_end__, 0x4)

.nrf_sections_run
                0x0000000020001ae0        0x0
                0x0000000020001ae0                __nrf_sections_run_start__ = .
                0x0000000020001ae0                __start_nrf_sections_run = __nrf_sections_run_start__
 *(.nrf_sections_run .nrf_sections_run.*)
                0x0000000020001ae0                __nrf_sections_run_end__ = (__nrf_sections_run_start__ + SIZEOF (.nrf_sections_run))
                0x0000000000000000                __nrf_sections_run_size__ = SIZEOF (.nrf_sections_run)
                0x0000000020001ae0                __nrf_sections_run_load_end__ = __nrf_sections_run_end__
                0x0000000000000001                . = ASSERT (((__nrf_sections_run_start__ == __nrf_sections_run_end__) || ((__nrf_sections_run_end__ - __RAM1_segment_start__) <= __RAM1_segment_size__)), error: .nrf_sections_run is too large to fit in RAM1 memory segment)
                0x0000000000000000                __reserved_flash_load_start__ = 0x0

.reserved_flash
                0x0000000000000000    0x19000
                0x0000000000000000                __reserved_flash_start__ = .
 *(.reserved_flash .reserved_flash.*)
                0x0000000000019000                . = MAX (((__reserved_flash_start__ + 0x19000) - 0x0), .)
 *fill*         0x0000000000000000    0x19000 
                0x0000000000019000                __reserved_flash_end__ = (__reserved_flash_start__ + SIZEOF (.reserved_flash))
                0x0000000000019000                __reserved_flash_size__ = SIZEOF (.reserved_flash)
                0x0000000000019000                __reserved_flash_load_end__ = __reserved_flash_end__
                0x0000000000000001                . = ASSERT (((__reserved_flash_start__ == __reserved_flash_end__) || ((__reserved_flash_end__ - __FLASH_segment_start__) <= __FLASH_segment_size__)), error: .reserved_flash is too large to fit in FLASH memory segment)
                0x0000000000019000                __vectors_load_start__ = 0x19000

.vectors        0x0000000000019000      0x200
                0x0000000000019000                __vectors_start__ = .
 *(.vectors .vectors.*)
 .vectors       0x0000000000019000      0x200 Output/FairDice Release/Obj/ses_startup_nrf52811.o
                0x0000000000019000                _vectors
                0x0000000000019200                __vectors_end__ = (__vectors_start__ + SIZEOF (.vectors))
                0x0000000000000200                __vectors_size__ = SIZEOF (.vectors)
                0x0000000000019200                __vectors_load_end__ = __vectors_end__
                0x0000000000000001                . = ASSERT (((__vectors_start__ == __vectors_end__) || ((__vectors_end__ - __FLASH_segment_start__) <= __FLASH_segment_size__)), error: .vectors is too large to fit in FLASH memory segment)
                0x0000000000000001                . = ASSERT ((__reserved_flash_end__ <= __vectors_start__), error: section .reserved_flash overlaps absolute placed section .vectors)
                0x0000000000019200                __init_load_start__ = ALIGN (__vectors_end__, 0x4)

.init           0x0000000000019200      0x1bc
                0x0000000000019200                __init_start__ = .
 *(.init .init.*)
 .init          0x0000000000019200      0x15c Output/FairDice Release/Obj/thumb_crt0.o
                0x0000000000019200                _start
                0x00000000000192b4                exit
 .init          0x000000000001935c       0x18 Output/FairDice Release/Obj/ses_startup_nrf52811.o
                0x000000000001935c                NMI_Handler
                0x000000000001935e                HardFault_Handler
                0x0000000000019360                MemoryManagement_Handler
                0x0000000000019362                BusFault_Handler
                0x0000000000019364                UsageFault_Handler
                0x0000000000019366                SVC_Handler
                0x0000000000019368                DebugMon_Handler
                0x000000000001936a                PendSV_Handler
                0x000000000001936c                SysTick_Handler
                0x000000000001936e                RADIO_IRQHandler
                0x000000000001936e                TWIM0_TWIS0_TWI0_SPIM1_SPIS1_SPI1_IRQHandler
                0x000000000001936e                SWI4_IRQHandler
                0x000000000001936e                RTC0_IRQHandler
                0x000000000001936e                QDEC_IRQHandler
                0x000000000001936e                PDM_IRQHandler
                0x000000000001936e                SWI0_EGU0_IRQHandler
                0x000000000001936e                SWI5_IRQHandler
                0x000000000001936e                TIMER0_IRQHandler
                0x000000000001936e                Dummy_Handler
                0x000000000001936e                TIMER1_IRQHandler
                0x000000000001936e                ECB_IRQHandler
                0x000000000001936e                SWI3_IRQHandler
                0x000000000001936e                SPIM0_SPIS0_SPI0_IRQHandler
                0x000000000001936e                SAADC_IRQHandler
                0x000000000001936e                CCM_AAR_IRQHandler
                0x000000000001936e                WDT_IRQHandler
                0x000000000001936e                TEMP_IRQHandler
                0x000000000001936e                RNG_IRQHandler
                0x000000000001936e                COMP_IRQHandler
                0x000000000001936e                PWM0_IRQHandler
                0x000000000001936e                SWI1_EGU1_IRQHandler
                0x000000000001936e                TIMER2_IRQHandler
                0x0000000000019370                nRFInitialize
 .init          0x0000000000019374       0x48 Output/FairDice Release/Obj/ses_startup_nrf_common.o
                0x0000000000019374                Reset_Handler
                0x0000000000019378                afterInitialize
                0x000000000001938a                InitializeUserMemorySections
                0x00000000000193bc                __init_end__ = (__init_start__ + SIZEOF (.init))
                0x00000000000001bc                __init_size__ = SIZEOF (.init)
                0x00000000000193bc                __init_load_end__ = __init_end__
                0x0000000000000001                . = ASSERT (((__init_start__ == __init_end__) || ((__init_end__ - __FLASH_segment_start__) <= __FLASH_segment_size__)), error: .init is too large to fit in FLASH memory segment)
                0x00000000000193bc                __init_rodata_load_start__ = ALIGN (__init_end__, 0x4)

.init_rodata    0x00000000000193bc        0x0
                0x00000000000193bc                __init_rodata_start__ = .
 *(.init_rodata .init_rodata.*)
                0x00000000000193bc                __init_rodata_end__ = (__init_rodata_start__ + SIZEOF (.init_rodata))
                0x0000000000000000                __init_rodata_size__ = SIZEOF (.init_rodata)
                0x00000000000193bc                __init_rodata_load_end__ = __init_rodata_end__
                0x0000000000000001                . = ASSERT (((__init_rodata_start__ == __init_rodata_end__) || ((__init_rodata_end__ - __FLASH_segment_start__) <= __FLASH_segment_size__)), error: .init_rodata is too large to fit in FLASH memory segment)
                0x00000000000193bc                __text_load_start__ = ALIGN (__init_rodata_end__, 0x4)

.text           0x00000000000193bc     0x350e
                0x00000000000193bc                __text_start__ = .
 *(.text .text.* .glue_7t .glue_7 .gnu.linkonce.t.* .gcc_except_table .ARM.extab* .gnu.linkonce.armextab.*)
 .glue_7        0x00000000000193bc        0x0 linker stubs
 .glue_7t       0x00000000000193bc        0x0 linker stubs
 .text.nrf_log_backend_rtt_flush
                0x00000000000193bc        0x2 Output/FairDice Release/Obj/nrf_log_backend_rtt.o
 *fill*         0x00000000000193be        0x2 
 .text.nrf_log_backend_rtt_put
                0x00000000000193c0       0x1c Output/FairDice Release/Obj/nrf_log_backend_rtt.o
 .text.serial_tx
                0x00000000000193dc       0x50 Output/FairDice Release/Obj/nrf_log_backend_rtt.o
 .text.nrf_log_backend_rtt_panic_set
                0x000000000001942c        0x2 Output/FairDice Release/Obj/nrf_log_backend_rtt.o
 .text.nrf_log_backend_rtt_init
                0x000000000001942e        0x4 Output/FairDice Release/Obj/nrf_log_backend_rtt.o
                0x000000000001942e                nrf_log_backend_rtt_init
 .text.nrf_log_backend_serial_put
                0x0000000000019432       0xc0 Output/FairDice Release/Obj/nrf_log_backend_serial.o
                0x0000000000019432                nrf_log_backend_serial_put
 *fill*         0x00000000000194f2        0x2 
 .text.nrf_log_default_backends_init
                0x00000000000194f4       0x20 Output/FairDice Release/Obj/nrf_log_default_backends.o
                0x00000000000194f4                nrf_log_default_backends_init
 .text.invalid_packets_omit
                0x0000000000019514       0x3a Output/FairDice Release/Obj/nrf_log_frontend.o
 *fill*         0x000000000001954e        0x2 
 .text.buf_prealloc
                0x0000000000019550      0x124 Output/FairDice Release/Obj/nrf_log_frontend.o
 .text.nrf_log_init
                0x0000000000019674       0x28 Output/FairDice Release/Obj/nrf_log_frontend.o
                0x0000000000019674                nrf_log_init
 .text.nrf_log_module_name_get
                0x000000000001969c       0x38 Output/FairDice Release/Obj/nrf_log_frontend.o
                0x000000000001969c                nrf_log_module_name_get
 .text.nrf_log_color_id_get
                0x00000000000196d4       0x2c Output/FairDice Release/Obj/nrf_log_frontend.o
                0x00000000000196d4                nrf_log_color_id_get
 .text.buffer_is_empty
                0x0000000000019700       0x14 Output/FairDice Release/Obj/nrf_log_frontend.o
                0x0000000000019700                buffer_is_empty
 .text.nrf_log_frontend_dequeue
                0x0000000000019714      0x1fc Output/FairDice Release/Obj/nrf_log_frontend.o
                0x0000000000019714                nrf_log_frontend_dequeue
 .text.std_n    0x0000000000019910       0xa4 Output/FairDice Release/Obj/nrf_log_frontend.o
 .text.nrf_log_frontend_std_0
                0x00000000000199b4        0x8 Output/FairDice Release/Obj/nrf_log_frontend.o
                0x00000000000199b4                nrf_log_frontend_std_0
 .text.nrf_log_frontend_std_1
                0x00000000000199bc       0x12 Output/FairDice Release/Obj/nrf_log_frontend.o
                0x00000000000199bc                nrf_log_frontend_std_1
 .text.nrf_log_frontend_std_2
                0x00000000000199ce       0x14 Output/FairDice Release/Obj/nrf_log_frontend.o
                0x00000000000199ce                nrf_log_frontend_std_2
 *fill*         0x00000000000199e2        0x2 
 .text.nrf_log_backend_add
                0x00000000000199e4       0x44 Output/FairDice Release/Obj/nrf_log_frontend.o
                0x00000000000199e4                nrf_log_backend_add
 .text.nrf_log_panic
                0x0000000000019a28       0x28 Output/FairDice Release/Obj/nrf_log_frontend.o
                0x0000000000019a28                nrf_log_panic
 .text.postfix_process
                0x0000000000019a50       0x3c Output/FairDice Release/Obj/nrf_log_str_formatter.o
 .text.prefix_process
                0x0000000000019a8c       0x78 Output/FairDice Release/Obj/nrf_log_str_formatter.o
 .text.nrf_log_std_entry_process
                0x0000000000019b04       0xc8 Output/FairDice Release/Obj/nrf_log_str_formatter.o
                0x0000000000019b04                nrf_log_std_entry_process
 .text.nrf_log_hexdump_entry_process
                0x0000000000019bcc       0xb4 Output/FairDice Release/Obj/nrf_log_str_formatter.o
                0x0000000000019bcc                nrf_log_hexdump_entry_process
 .text.app_error_handler_bare
                0x0000000000019c80       0x1a Output/FairDice Release/Obj/app_error.o
                0x0000000000019c80                app_error_handler_bare
 *fill*         0x0000000000019c9a        0x2 
 .text.app_error_fault_handler
                0x0000000000019c9c       0x70 Output/FairDice Release/Obj/app_error_weak.o
                0x0000000000019c9c                app_error_fault_handler
 .text.compare_func
                0x0000000000019d0c       0x16 Output/FairDice Release/Obj/app_timer2.o
 *fill*         0x0000000000019d22        0x2 
 .text.get_now  0x0000000000019d24       0x44 Output/FairDice Release/Obj/app_timer2.o
 .text.timer_req_schedule
                0x0000000000019d68       0x38 Output/FairDice Release/Obj/app_timer2.o
 .text.timer_expire
                0x0000000000019da0       0x70 Output/FairDice Release/Obj/app_timer2.o
 .text.app_timer_init
                0x0000000000019e10       0x64 Output/FairDice Release/Obj/app_timer2.o
                0x0000000000019e10                app_timer_init
 .text.app_timer_create
                0x0000000000019e74       0x16 Output/FairDice Release/Obj/app_timer2.o
                0x0000000000019e74                app_timer_create
 .text.app_timer_start
                0x0000000000019e8a       0x30 Output/FairDice Release/Obj/app_timer2.o
                0x0000000000019e8a                app_timer_start
 .text.app_timer_stop
                0x0000000000019eba        0xc Output/FairDice Release/Obj/app_timer2.o
                0x0000000000019eba                app_timer_stop
 *fill*         0x0000000000019ec6        0x2 
 .text.app_timer_cnt_get
                0x0000000000019ec8        0xc Output/FairDice Release/Obj/app_timer2.o
                0x0000000000019ec8                app_timer_cnt_get
 .text.rtc_irq  0x0000000000019ed4      0x194 Output/FairDice Release/Obj/app_timer2.o
 .text.app_util_critical_region_enter
                0x000000000001a068       0x48 Output/FairDice Release/Obj/app_util_platform.o
                0x000000000001a068                app_util_critical_region_enter
 .text.app_util_critical_region_exit
                0x000000000001a0b0       0x2c Output/FairDice Release/Obj/app_util_platform.o
                0x000000000001a0b0                app_util_critical_region_exit
 .text.evt_pending.isra.3
                0x000000000001a0dc       0x1a Output/FairDice Release/Obj/drv_rtc.o
 *fill*         0x000000000001a0f6        0x2 
 .text.drv_rtc_init
                0x000000000001a0f8       0xa4 Output/FairDice Release/Obj/drv_rtc.o
                0x000000000001a0f8                drv_rtc_init
 .text.drv_rtc_start
                0x000000000001a19c        0x8 Output/FairDice Release/Obj/drv_rtc.o
                0x000000000001a19c                drv_rtc_start
 .text.drv_rtc_stop
                0x000000000001a1a4        0x8 Output/FairDice Release/Obj/drv_rtc.o
                0x000000000001a1a4                drv_rtc_stop
 .text.drv_rtc_compare_set
                0x000000000001a1ac       0x3e Output/FairDice Release/Obj/drv_rtc.o
                0x000000000001a1ac                drv_rtc_compare_set
 *fill*         0x000000000001a1ea        0x2 
 .text.drv_rtc_windowed_compare_set
                0x000000000001a1ec       0xe8 Output/FairDice Release/Obj/drv_rtc.o
                0x000000000001a1ec                drv_rtc_windowed_compare_set
 .text.drv_rtc_overflow_enable
                0x000000000001a2d4       0x10 Output/FairDice Release/Obj/drv_rtc.o
                0x000000000001a2d4                drv_rtc_overflow_enable
 .text.drv_rtc_overflow_pending
                0x000000000001a2e4        0xa Output/FairDice Release/Obj/drv_rtc.o
                0x000000000001a2e4                drv_rtc_overflow_pending
 .text.drv_rtc_compare_disable
                0x000000000001a2ee       0x14 Output/FairDice Release/Obj/drv_rtc.o
                0x000000000001a2ee                drv_rtc_compare_disable
 .text.drv_rtc_compare_pending
                0x000000000001a302        0xc Output/FairDice Release/Obj/drv_rtc.o
                0x000000000001a302                drv_rtc_compare_pending
 .text.drv_rtc_counter_get
                0x000000000001a30e        0x8 Output/FairDice Release/Obj/drv_rtc.o
                0x000000000001a30e                drv_rtc_counter_get
 *fill*         0x000000000001a316        0x2 
 .text.drv_rtc_irq_trigger
                0x000000000001a318       0x24 Output/FairDice Release/Obj/drv_rtc.o
                0x000000000001a318                drv_rtc_irq_trigger
 .text.RTC1_IRQHandler
                0x000000000001a33c       0x14 Output/FairDice Release/Obj/drv_rtc.o
                0x000000000001a33c                RTC1_IRQHandler
 .text.nrf_atfifo_init
                0x000000000001a350       0x26 Output/FairDice Release/Obj/nrf_atfifo.o
                0x000000000001a350                nrf_atfifo_init
 .text.nrf_atfifo_item_alloc
                0x000000000001a376       0x54 Output/FairDice Release/Obj/nrf_atfifo.o
                0x000000000001a376                nrf_atfifo_item_alloc
 .text.nrf_atfifo_item_put
                0x000000000001a3ca       0x20 Output/FairDice Release/Obj/nrf_atfifo.o
                0x000000000001a3ca                nrf_atfifo_item_put
 .text.nrf_atfifo_item_get
                0x000000000001a3ea       0x56 Output/FairDice Release/Obj/nrf_atfifo.o
                0x000000000001a3ea                nrf_atfifo_item_get
 .text.nrf_atfifo_item_free
                0x000000000001a440       0x20 Output/FairDice Release/Obj/nrf_atfifo.o
                0x000000000001a440                nrf_atfifo_item_free
 .text.nrf_atflags_set
                0x000000000001a460       0x12 Output/FairDice Release/Obj/nrf_atflags.o
                0x000000000001a460                nrf_atflags_set
 .text.nrf_atflags_clear
                0x000000000001a472       0x14 Output/FairDice Release/Obj/nrf_atflags.o
                0x000000000001a472                nrf_atflags_clear
 .text.nrf_atflags_get
                0x000000000001a486       0x12 Output/FairDice Release/Obj/nrf_atflags.o
                0x000000000001a486                nrf_atflags_get
 .text.nrf_atomic_u32_fetch_store
                0x000000000001a498       0x14 Output/FairDice Release/Obj/nrf_atomic.o
                0x000000000001a498                nrf_atomic_u32_fetch_store
 .text.nrf_atomic_u32_or
                0x000000000001a4ac       0x16 Output/FairDice Release/Obj/nrf_atomic.o
                0x000000000001a4ac                nrf_atomic_u32_or
 .text.nrf_atomic_u32_fetch_and
                0x000000000001a4c2       0x16 Output/FairDice Release/Obj/nrf_atomic.o
                0x000000000001a4c2                nrf_atomic_u32_fetch_and
 .text.nrf_atomic_u32_and
                0x000000000001a4d8       0x16 Output/FairDice Release/Obj/nrf_atomic.o
                0x000000000001a4d8                nrf_atomic_u32_and
 .text.nrf_atomic_u32_add
                0x000000000001a4ee       0x16 Output/FairDice Release/Obj/nrf_atomic.o
                0x000000000001a4ee                nrf_atomic_u32_add
 .text.nrf_atomic_u32_sub
                0x000000000001a504       0x16 Output/FairDice Release/Obj/nrf_atomic.o
                0x000000000001a504                nrf_atomic_u32_sub
 .text.nrf_atomic_flag_set
                0x000000000001a51a        0x6 Output/FairDice Release/Obj/nrf_atomic.o
                0x000000000001a51a                nrf_atomic_flag_set
 .text.nrf_atomic_flag_clear_fetch
                0x000000000001a520        0x6 Output/FairDice Release/Obj/nrf_atomic.o
                0x000000000001a520                nrf_atomic_flag_clear_fetch
 .text.nrf_balloc_init
                0x000000000001a526       0x2e Output/FairDice Release/Obj/nrf_balloc.o
                0x000000000001a526                nrf_balloc_init
 .text.nrf_balloc_alloc
                0x000000000001a554       0x48 Output/FairDice Release/Obj/nrf_balloc.o
                0x000000000001a554                nrf_balloc_alloc
 .text.nrf_balloc_free
                0x000000000001a59c       0x34 Output/FairDice Release/Obj/nrf_balloc.o
                0x000000000001a59c                nrf_balloc_free
 .text.nrf_fprintf_buffer_flush
                0x000000000001a5d0       0x16 Output/FairDice Release/Obj/nrf_fprintf.o
                0x000000000001a5d0                nrf_fprintf_buffer_flush
 .text.nrf_fprintf
                0x000000000001a5e6       0x1c Output/FairDice Release/Obj/nrf_fprintf.o
                0x000000000001a5e6                nrf_fprintf
 .text.buffer_add
                0x000000000001a602       0x1e Output/FairDice Release/Obj/nrf_fprintf_format.o
 .text.unsigned_print
                0x000000000001a620       0xb0 Output/FairDice Release/Obj/nrf_fprintf_format.o
 .text.nrf_fprintf_fmt
                0x000000000001a6d0      0x278 Output/FairDice Release/Obj/nrf_fprintf_format.o
                0x000000000001a6d0                nrf_fprintf_fmt
 .text.memobj_op
                0x000000000001a948       0x82 Output/FairDice Release/Obj/nrf_memobj.o
 .text.nrf_memobj_pool_init
                0x000000000001a9ca        0x4 Output/FairDice Release/Obj/nrf_memobj.o
                0x000000000001a9ca                nrf_memobj_pool_init
 .text.nrf_memobj_free
                0x000000000001a9ce       0x2c Output/FairDice Release/Obj/nrf_memobj.o
                0x000000000001a9ce                nrf_memobj_free
 .text.nrf_memobj_alloc
                0x000000000001a9fa       0x5e Output/FairDice Release/Obj/nrf_memobj.o
                0x000000000001a9fa                nrf_memobj_alloc
 .text.nrf_memobj_get
                0x000000000001aa58        0x8 Output/FairDice Release/Obj/nrf_memobj.o
                0x000000000001aa58                nrf_memobj_get
 .text.nrf_memobj_put
                0x000000000001aa60       0x1e Output/FairDice Release/Obj/nrf_memobj.o
                0x000000000001aa60                nrf_memobj_put
 .text.nrf_memobj_write
                0x000000000001aa7e       0x14 Output/FairDice Release/Obj/nrf_memobj.o
                0x000000000001aa7e                nrf_memobj_write
 .text.nrf_memobj_read
                0x000000000001aa92       0x14 Output/FairDice Release/Obj/nrf_memobj.o
                0x000000000001aa92                nrf_memobj_read
 .text.sd_app_evt_wait
                0x000000000001aaa6        0x4 Output/FairDice Release/Obj/nrf_pwr_mgmt.o
 *fill*         0x000000000001aaaa        0x2 
 .text.nrf_pwr_mgmt_init
                0x000000000001aaac       0x2c Output/FairDice Release/Obj/nrf_pwr_mgmt.o
                0x000000000001aaac                nrf_pwr_mgmt_init
 .text.nrf_pwr_mgmt_run
                0x000000000001aad8       0x18 Output/FairDice Release/Obj/nrf_pwr_mgmt.o
                0x000000000001aad8                nrf_pwr_mgmt_run
 .text.nrf_ringbuf_init
                0x000000000001aaf0       0x12 Output/FairDice Release/Obj/nrf_ringbuf.o
                0x000000000001aaf0                nrf_ringbuf_init
 .text.nrf_section_iter_init
                0x000000000001ab02       0x14 Output/FairDice Release/Obj/nrf_section_iter.o
                0x000000000001ab02                nrf_section_iter_init
 .text.nrf_section_iter_next
                0x000000000001ab16       0x18 Output/FairDice Release/Obj/nrf_section_iter.o
                0x000000000001ab16                nrf_section_iter_next
 .text.nrf_sortlist_add
                0x000000000001ab2e       0x20 Output/FairDice Release/Obj/nrf_sortlist.o
                0x000000000001ab2e                nrf_sortlist_add
 .text.nrf_sortlist_pop
                0x000000000001ab4e        0xc Output/FairDice Release/Obj/nrf_sortlist.o
                0x000000000001ab4e                nrf_sortlist_pop
 .text.nrf_sortlist_peek
                0x000000000001ab5a        0x6 Output/FairDice Release/Obj/nrf_sortlist.o
                0x000000000001ab5a                nrf_sortlist_peek
 .text.nrf_sortlist_remove
                0x000000000001ab60       0x1a Output/FairDice Release/Obj/nrf_sortlist.o
                0x000000000001ab60                nrf_sortlist_remove
 *fill*         0x000000000001ab7a        0x2 
 .text.nrf_strerror_find
                0x000000000001ab7c       0x3c Output/FairDice Release/Obj/nrf_strerror.o
                0x000000000001ab7c                nrf_strerror_find
 .text.nrf_strerror_get
                0x000000000001abb8       0x14 Output/FairDice Release/Obj/nrf_strerror.o
                0x000000000001abb8                nrf_strerror_get
 .text.nrf52_errata_31
                0x000000000001abcc       0x14 Output/FairDice Release/Obj/system_nrf52811.o
 .text.SystemInit
                0x000000000001abe0      0x18c Output/FairDice Release/Obj/system_nrf52811.o
                0x000000000001abe0                SystemInit
 .text.clock_clk_started_notify
                0x000000000001ad6c       0x24 Output/FairDice Release/Obj/nrf_drv_clock.o
 .text.clock_irq_handler
                0x000000000001ad90       0x1c Output/FairDice Release/Obj/nrf_drv_clock.o
 .text.soc_evt_handler
                0x000000000001adac       0x14 Output/FairDice Release/Obj/nrf_drv_clock.o
 .text.nrf_drv_clock_init
                0x000000000001adc0       0x48 Output/FairDice Release/Obj/nrf_drv_clock.o
                0x000000000001adc0                nrf_drv_clock_init
 .text.nrf_drv_clock_lfclk_release
                0x000000000001ae08       0x40 Output/FairDice Release/Obj/nrf_drv_clock.o
                0x000000000001ae08                nrf_drv_clock_lfclk_release
 .text.sd_state_evt_handler
                0x000000000001ae48       0x60 Output/FairDice Release/Obj/nrf_drv_clock.o
 .text.nrf_clock_event_clear
                0x000000000001aea8       0x14 Output/FairDice Release/Obj/nrfx_clock.o
 .text.nrfx_clock_init
                0x000000000001aebc       0x18 Output/FairDice Release/Obj/nrfx_clock.o
                0x000000000001aebc                nrfx_clock_init
 .text.nrfx_clock_enable
                0x000000000001aed4       0x24 Output/FairDice Release/Obj/nrfx_clock.o
                0x000000000001aed4                nrfx_clock_enable
 .text.nrfx_clock_lfclk_stop
                0x000000000001aef8       0x28 Output/FairDice Release/Obj/nrfx_clock.o
                0x000000000001aef8                nrfx_clock_lfclk_stop
 .text.POWER_CLOCK_IRQHandler
                0x000000000001af20       0x54 Output/FairDice Release/Obj/nrfx_clock.o
                0x000000000001af20                POWER_CLOCK_IRQHandler
 .text.nrf_gpiote_event_clear
                0x000000000001af74       0x18 Output/FairDice Release/Obj/nrfx_gpiote.o
 .text.nrf_gpio_cfg_sense_set
                0x000000000001af8c       0x20 Output/FairDice Release/Obj/nrfx_gpiote.o
 .text.GPIOTE_IRQHandler
                0x000000000001afac      0x148 Output/FairDice Release/Obj/nrfx_gpiote.o
                0x000000000001afac                GPIOTE_IRQHandler
 .text.UARTE0_UART0_IRQHandler
                0x000000000001b0f4        0xc Output/FairDice Release/Obj/nrfx_prs.o
                0x000000000001b0f4                UARTE0_UART0_IRQHandler
 .text.sd_ble_gap_adv_set_configure
                0x000000000001b100        0x4 Output/FairDice Release/Obj/main.o
 .text.sd_ble_gap_adv_start
                0x000000000001b104        0x4 Output/FairDice Release/Obj/main.o
 .text.sd_ble_gap_disconnect
                0x000000000001b108        0x4 Output/FairDice Release/Obj/main.o
 .text.sd_ble_gap_ppcp_set
                0x000000000001b10c        0x4 Output/FairDice Release/Obj/main.o
 .text.sd_ble_gap_device_name_set
                0x000000000001b110        0x4 Output/FairDice Release/Obj/main.o
 .text.sd_ble_gap_sec_params_reply
                0x000000000001b114        0x4 Output/FairDice Release/Obj/main.o
 .text.sd_ble_gap_phy_update
                0x000000000001b118        0x4 Output/FairDice Release/Obj/main.o
 .text.sd_ble_gatts_sys_attr_set
                0x000000000001b11c        0x4 Output/FairDice Release/Obj/main.o
 .text.led_write_handler
                0x000000000001b120        0x2 Output/FairDice Release/Obj/main.o
 .text.nrf_qwr_error_handler
                0x000000000001b122        0x4 Output/FairDice Release/Obj/main.o
 *fill*         0x000000000001b126        0x2 
 .text.advertising_start
                0x000000000001b128       0x1c Output/FairDice Release/Obj/main.o
 .text.ble_evt_handler
                0x000000000001b144       0xd0 Output/FairDice Release/Obj/main.o
 .text.on_conn_params_evt
                0x000000000001b214       0x20 Output/FairDice Release/Obj/main.o
 .text.conn_params_error_handler
                0x000000000001b234        0x4 Output/FairDice Release/Obj/main.o
 .text.startup.main
                0x000000000001b238      0x234 Output/FairDice Release/Obj/main.o
                0x000000000001b238                main
 .text._GetAvailWriteSpace
                0x000000000001b46c       0x1c Output/FairDice Release/Obj/SEGGER_RTT.o
 .text._WriteNoCheck
                0x000000000001b488       0x34 Output/FairDice Release/Obj/SEGGER_RTT.o
 .text._WriteBlocking
                0x000000000001b4bc       0x52 Output/FairDice Release/Obj/SEGGER_RTT.o
 *fill*         0x000000000001b50e        0x2 
 .text._DoInit  0x000000000001b510       0x60 Output/FairDice Release/Obj/SEGGER_RTT.o
 .text.SEGGER_RTT_WriteNoLock
                0x000000000001b570       0x68 Output/FairDice Release/Obj/SEGGER_RTT.o
                0x000000000001b570                SEGGER_RTT_WriteNoLock
 .text.SEGGER_RTT_Init
                0x000000000001b5d8        0x4 Output/FairDice Release/Obj/SEGGER_RTT.o
                0x000000000001b5d8                SEGGER_RTT_Init
 .text.sd_ble_gap_addr_get
                0x000000000001b5dc        0x4 Output/FairDice Release/Obj/ble_advdata.o
 .text.sd_ble_gap_appearance_get
                0x000000000001b5e0        0x4 Output/FairDice Release/Obj/ble_advdata.o
 .text.sd_ble_gap_device_name_get
                0x000000000001b5e4        0x4 Output/FairDice Release/Obj/ble_advdata.o
 .text.sd_ble_uuid_encode
                0x000000000001b5e8        0x4 Output/FairDice Release/Obj/ble_advdata.o
 .text.uuid_list_sized_encode
                0x000000000001b5ec       0xa4 Output/FairDice Release/Obj/ble_advdata.o
 .text.uuid_list_encode
                0x000000000001b690       0x34 Output/FairDice Release/Obj/ble_advdata.o
 .text.ble_advdata_encode
                0x000000000001b6c4      0x396 Output/FairDice Release/Obj/ble_advdata.o
                0x000000000001b6c4                ble_advdata_encode
 .text.sd_ble_gap_conn_param_update
                0x000000000001ba5a        0x4 Output/FairDice Release/Obj/ble_conn_params.o
 .text.sd_ble_gap_disconnect
                0x000000000001ba5e        0x4 Output/FairDice Release/Obj/ble_conn_params.o
 .text.sd_ble_gap_ppcp_set
                0x000000000001ba62        0x4 Output/FairDice Release/Obj/ble_conn_params.o
 .text.sd_ble_gap_ppcp_get
                0x000000000001ba66        0x4 Output/FairDice Release/Obj/ble_conn_params.o
 *fill*         0x000000000001ba6a        0x2 
 .text.instance_get
                0x000000000001ba6c       0x14 Output/FairDice Release/Obj/ble_conn_params.o
 .text.send_error_evt
                0x000000000001ba80       0x10 Output/FairDice Release/Obj/ble_conn_params.o
 .text.update_timeout_handler
                0x000000000001ba90       0x6c Output/FairDice Release/Obj/ble_conn_params.o
 .text.conn_params_negotiation
                0x000000000001bafc       0x48 Output/FairDice Release/Obj/ble_conn_params.o
 .text.is_conn_params_ok.constprop.3
                0x000000000001bb44       0x34 Output/FairDice Release/Obj/ble_conn_params.o
 .text.ble_evt_handler
                0x000000000001bb78       0xe0 Output/FairDice Release/Obj/ble_conn_params.o
 .text.ble_conn_params_init
                0x000000000001bc58       0x74 Output/FairDice Release/Obj/ble_conn_params.o
                0x000000000001bc58                ble_conn_params_init
 .text.flag_toggle
                0x000000000001bccc        0xa Output/FairDice Release/Obj/ble_conn_state.o
 .text.conn_handle_list_get
                0x000000000001bcd6       0x2e Output/FairDice Release/Obj/ble_conn_state.o
                0x000000000001bcd6                conn_handle_list_get
 .text.ble_evt_handler
                0x000000000001bd04       0xec Output/FairDice Release/Obj/ble_conn_state.o
 .text.sd_ble_gatts_characteristic_add
                0x000000000001bdf0        0x4 Output/FairDice Release/Obj/ble_srv_common.o
 .text.set_security_req
                0x000000000001bdf4       0x2a Output/FairDice Release/Obj/ble_srv_common.o
 .text.ble_srv_is_notification_enabled
                0x000000000001be1e        0x8 Output/FairDice Release/Obj/ble_srv_common.o
                0x000000000001be1e                ble_srv_is_notification_enabled
 .text.characteristic_add
                0x000000000001be26      0x148 Output/FairDice Release/Obj/ble_srv_common.o
                0x000000000001be26                characteristic_add
 .text.sd_ble_gattc_exchange_mtu_request
                0x000000000001bf6e        0x4 Output/FairDice Release/Obj/nrf_ble_gatt.o
 .text.sd_ble_gatts_exchange_mtu_reply
                0x000000000001bf72        0x4 Output/FairDice Release/Obj/nrf_ble_gatt.o
 .text.nrf_ble_gatt_init
                0x000000000001bf76       0x1c Output/FairDice Release/Obj/nrf_ble_gatt.o
                0x000000000001bf76                nrf_ble_gatt_init
 *fill*         0x000000000001bf92        0x2 
 .text.nrf_ble_gatt_on_ble_evt
                0x000000000001bf94      0x13c Output/FairDice Release/Obj/nrf_ble_gatt.o
                0x000000000001bf94                nrf_ble_gatt_on_ble_evt
 .text.sd_ble_gatts_rw_authorize_reply
                0x000000000001c0d0        0x4 Output/FairDice Release/Obj/nrf_ble_qwr.o
 .text.sd_ble_user_mem_reply
                0x000000000001c0d4        0x4 Output/FairDice Release/Obj/nrf_ble_qwr.o
 .text.user_mem_reply.part.0
                0x000000000001c0d8       0x24 Output/FairDice Release/Obj/nrf_ble_qwr.o
 .text.nrf_ble_qwr_init
                0x000000000001c0fc       0x24 Output/FairDice Release/Obj/nrf_ble_qwr.o
                0x000000000001c0fc                nrf_ble_qwr_init
 .text.nrf_ble_qwr_conn_handle_assign
                0x000000000001c120       0x16 Output/FairDice Release/Obj/nrf_ble_qwr.o
                0x000000000001c120                nrf_ble_qwr_conn_handle_assign
 .text.nrf_ble_qwr_on_ble_evt
                0x000000000001c136       0xa0 Output/FairDice Release/Obj/nrf_ble_qwr.o
                0x000000000001c136                nrf_ble_qwr_on_ble_evt
 .text.sd_ble_gatts_service_add
                0x000000000001c1d6        0x4 Output/FairDice Release/Obj/ble_lbs.o
 .text.sd_ble_uuid_vs_add
                0x000000000001c1da        0x4 Output/FairDice Release/Obj/ble_lbs.o
 .text.ble_lbs_on_ble_evt
                0x000000000001c1de       0x26 Output/FairDice Release/Obj/ble_lbs.o
                0x000000000001c1de                ble_lbs_on_ble_evt
 .text.ble_lbs_init
                0x000000000001c204       0xdc Output/FairDice Release/Obj/ble_lbs.o
                0x000000000001c204                ble_lbs_init
 .text.sd_softdevice_enable
                0x000000000001c2e0        0x4 Output/FairDice Release/Obj/nrf_sdh.o
 .text.sdh_request_observer_notify
                0x000000000001c2e4       0x30 Output/FairDice Release/Obj/nrf_sdh.o
 .text.sdh_state_observer_notify
                0x000000000001c314       0x28 Output/FairDice Release/Obj/nrf_sdh.o
 .text.softdevices_evt_irq_enable
                0x000000000001c33c       0x38 Output/FairDice Release/Obj/nrf_sdh.o
 .text.nrf_sdh_enable_request
                0x000000000001c374       0x7c Output/FairDice Release/Obj/nrf_sdh.o
                0x000000000001c374                nrf_sdh_enable_request
 .text.nrf_sdh_is_enabled
                0x000000000001c3f0        0xc Output/FairDice Release/Obj/nrf_sdh.o
                0x000000000001c3f0                nrf_sdh_is_enabled
 .text.nrf_sdh_evts_poll
                0x000000000001c3fc       0x28 Output/FairDice Release/Obj/nrf_sdh.o
                0x000000000001c3fc                nrf_sdh_evts_poll
 .text.SWI2_IRQHandler
                0x000000000001c424        0x4 Output/FairDice Release/Obj/nrf_sdh.o
                0x000000000001c424                SWI2_IRQHandler
 .text.sd_ble_enable
                0x000000000001c428        0x4 Output/FairDice Release/Obj/nrf_sdh_ble.o
 .text.sd_ble_cfg_set
                0x000000000001c42c        0x4 Output/FairDice Release/Obj/nrf_sdh_ble.o
 .text.sd_ble_evt_get
                0x000000000001c430        0x4 Output/FairDice Release/Obj/nrf_sdh_ble.o
 .text.nrf_sdh_ble_evts_poll
                0x000000000001c434       0x50 Output/FairDice Release/Obj/nrf_sdh_ble.o
 .text.nrf_sdh_ble_default_cfg_set
                0x000000000001c484      0x15c Output/FairDice Release/Obj/nrf_sdh_ble.o
                0x000000000001c484                nrf_sdh_ble_default_cfg_set
 .text.nrf_sdh_ble_enable
                0x000000000001c5e0       0x94 Output/FairDice Release/Obj/nrf_sdh_ble.o
                0x000000000001c5e0                nrf_sdh_ble_enable
 .text.sd_evt_get
                0x000000000001c674        0x4 Output/FairDice Release/Obj/nrf_sdh_soc.o
 .text.nrf_sdh_soc_evts_poll
                0x000000000001c678       0x3c Output/FairDice Release/Obj/nrf_sdh_soc.o
 .text.libc.__RAL_ascii_isctype
                0x000000000001c6b4       0x1c C:/Program Files/SEGGER/SEGGER Embedded Studio for ARM 4.16/lib/libc_v7em_t_le_eabi.a(libc2.o)
 .text.libc.__RAL_ascii_toupper
                0x000000000001c6d0        0xc C:/Program Files/SEGGER/SEGGER Embedded Studio for ARM 4.16/lib/libc_v7em_t_le_eabi.a(libc2.o)
 .text.libc.__RAL_ascii_tolower
                0x000000000001c6dc        0xc C:/Program Files/SEGGER/SEGGER Embedded Studio for ARM 4.16/lib/libc_v7em_t_le_eabi.a(libc2.o)
 .text.libc.__RAL_ascii_iswctype
                0x000000000001c6e8       0x1c C:/Program Files/SEGGER/SEGGER Embedded Studio for ARM 4.16/lib/libc_v7em_t_le_eabi.a(libc2.o)
 .text.libc.__RAL_ascii_towupper
                0x000000000001c704        0xc C:/Program Files/SEGGER/SEGGER Embedded Studio for ARM 4.16/lib/libc_v7em_t_le_eabi.a(libc2.o)
 .text.libc.__RAL_ascii_towlower
                0x000000000001c710        0xc C:/Program Files/SEGGER/SEGGER Embedded Studio for ARM 4.16/lib/libc_v7em_t_le_eabi.a(libc2.o)
 .text.libc.__RAL_ascii_wctomb
                0x000000000001c71c       0x10 C:/Program Files/SEGGER/SEGGER Embedded Studio for ARM 4.16/lib/libc_v7em_t_le_eabi.a(libc2.o)
                0x000000000001c71c                __RAL_ascii_wctomb
 .text.libc.__RAL_ascii_mbtowc
                0x000000000001c72c       0x24 C:/Program Files/SEGGER/SEGGER Embedded Studio for ARM 4.16/lib/libc_v7em_t_le_eabi.a(libc2.o)
                0x000000000001c72c                __RAL_ascii_mbtowc
 .text.libc.__RAL_isctype
                0x000000000001c750       0x14 C:/Program Files/SEGGER/SEGGER Embedded Studio for ARM 4.16/lib/libc_v7em_t_le_eabi.a(libc2.o)
                0x000000000001c750                __RAL_isctype
 .text.libc.isprint
                0x000000000001c764        0xa C:/Program Files/SEGGER/SEGGER Embedded Studio for ARM 4.16/lib/libc_v7em_t_le_eabi.a(libc2.o)
                0x000000000001c764                isprint
 .text.libc.memcpy
                0x000000000001c76e       0x52 C:/Program Files/SEGGER/SEGGER Embedded Studio for ARM 4.16/lib/libc_v7em_t_le_eabi.a(libc2_asm.o)
                0x000000000001c76e                __aeabi_memcpy
                0x000000000001c76e                memcpy
                0x000000000001c77a                __aeabi_memcpy8
                0x000000000001c77a                __aeabi_memcpy4
 .text.libc.memset
                0x000000000001c7c0       0x66 C:/Program Files/SEGGER/SEGGER Embedded Studio for ARM 4.16/lib/libc_v7em_t_le_eabi.a(libc2_asm.o)
                0x000000000001c7c0                memset
 .text.libc.strcpy
                0x000000000001c826       0x44 C:/Program Files/SEGGER/SEGGER Embedded Studio for ARM 4.16/lib/libc_v7em_t_le_eabi.a(libc2_asm.o)
                0x000000000001c826                strcpy
 .text.libc.strlen
                0x000000000001c86a       0x60 C:/Program Files/SEGGER/SEGGER Embedded Studio for ARM 4.16/lib/libc_v7em_t_le_eabi.a(libc2_asm.o)
                0x000000000001c86a                strlen
                0x000000000001c8ca                __text_end__ = (__text_start__ + SIZEOF (.text))
                0x000000000000350e                __text_size__ = SIZEOF (.text)
                0x000000000001c8ca                __text_load_end__ = __text_end__

.vfp11_veneer   0x0000000100000000        0x0
 .vfp11_veneer  0x0000000100000000        0x0 linker stubs

.v4_bx          0x0000000100000000        0x0
 .v4_bx         0x0000000100000000        0x0 linker stubs

.iplt           0x0000000100000000        0x0
 .iplt          0x0000000100000000        0x0 Output/FairDice Release/Obj/thumb_crt0.o
                0x0000000000000001                . = ASSERT (((__text_start__ == __text_end__) || ((__text_end__ - __FLASH_segment_start__) <= __FLASH_segment_size__)), error: .text is too large to fit in FLASH memory segment)
                0x000000000001c8cc                __sdh_soc_observers_load_start__ = ALIGN (__text_end__, 0x4)

.sdh_soc_observers
                0x000000000001c8cc        0x8
                0x000000000001c8cc                __sdh_soc_observers_start__ = .
                0x000000000001c8cc                __start_sdh_soc_observers = __sdh_soc_observers_start__
 *(SORT_BY_NAME(.sdh_soc_observers*))
 .sdh_soc_observers0
                0x000000000001c8cc        0x8 Output/FairDice Release/Obj/nrf_drv_clock.o
                0x000000000001c8d4                __sdh_soc_observers_end__ = (__sdh_soc_observers_start__ + SIZEOF (.sdh_soc_observers))
                0x0000000000000008                __sdh_soc_observers_size__ = SIZEOF (.sdh_soc_observers)
                0x000000000001c8d4                __stop_sdh_soc_observers = __sdh_soc_observers_end__
                0x000000000001c8d4                __sdh_soc_observers_load_end__ = __sdh_soc_observers_end__
                0x0000000000000001                . = ASSERT (((__sdh_soc_observers_start__ == __sdh_soc_observers_end__) || ((__sdh_soc_observers_end__ - __FLASH_segment_start__) <= __FLASH_segment_size__)), error: .sdh_soc_observers is too large to fit in FLASH memory segment)
                0x000000000001c8d4                __pwr_mgmt_data_load_start__ = ALIGN (__sdh_soc_observers_end__, 0x4)

.pwr_mgmt_data  0x000000000001c8d4        0x0
                0x000000000001c8d4                __pwr_mgmt_data_start__ = .
                0x000000000001c8d4                __start_pwr_mgmt_data = __pwr_mgmt_data_start__
 *(SORT_BY_NAME(.pwr_mgmt_data*))
                0x000000000001c8d4                __pwr_mgmt_data_end__ = (__pwr_mgmt_data_start__ + SIZEOF (.pwr_mgmt_data))
                0x0000000000000000                __pwr_mgmt_data_size__ = SIZEOF (.pwr_mgmt_data)
                0x000000000001c8d4                __stop_pwr_mgmt_data = __pwr_mgmt_data_end__
                0x000000000001c8d4                __pwr_mgmt_data_load_end__ = __pwr_mgmt_data_end__
                0x0000000000000001                . = ASSERT (((__pwr_mgmt_data_start__ == __pwr_mgmt_data_end__) || ((__pwr_mgmt_data_end__ - __FLASH_segment_start__) <= __FLASH_segment_size__)), error: .pwr_mgmt_data is too large to fit in FLASH memory segment)
                0x000000000001c8d4                __sdh_ble_observers_load_start__ = ALIGN (__pwr_mgmt_data_end__, 0x4)

.sdh_ble_observers
                0x000000000001c8d4       0x30
                0x000000000001c8d4                __sdh_ble_observers_start__ = .
                0x000000000001c8d4                __start_sdh_ble_observers = __sdh_ble_observers_start__
 *(SORT_BY_NAME(.sdh_ble_observers*))
 .sdh_ble_observers0
                0x000000000001c8d4        0x8 Output/FairDice Release/Obj/ble_conn_state.o
 .sdh_ble_observers1
                0x000000000001c8dc        0x8 Output/FairDice Release/Obj/main.o
 .sdh_ble_observers1
                0x000000000001c8e4        0x8 Output/FairDice Release/Obj/ble_conn_params.o
 .sdh_ble_observers2
                0x000000000001c8ec       0x10 Output/FairDice Release/Obj/main.o
 .sdh_ble_observers3
                0x000000000001c8fc        0x8 Output/FairDice Release/Obj/main.o
                0x000000000001c904                __sdh_ble_observers_end__ = (__sdh_ble_observers_start__ + SIZEOF (.sdh_ble_observers))
                0x0000000000000030                __sdh_ble_observers_size__ = SIZEOF (.sdh_ble_observers)
                0x000000000001c904                __stop_sdh_ble_observers = __sdh_ble_observers_end__
                0x000000000001c904                __sdh_ble_observers_load_end__ = __sdh_ble_observers_end__
                0x0000000000000001                . = ASSERT (((__sdh_ble_observers_start__ == __sdh_ble_observers_end__) || ((__sdh_ble_observers_end__ - __FLASH_segment_start__) <= __FLASH_segment_size__)), error: .sdh_ble_observers is too large to fit in FLASH memory segment)
                0x000000000001c904                __sdh_req_observers_load_start__ = ALIGN (__sdh_ble_observers_end__, 0x4)

.sdh_req_observers
                0x000000000001c904        0x0
                0x000000000001c904                __sdh_req_observers_start__ = .
                0x000000000001c904                __start_sdh_req_observers = __sdh_req_observers_start__
 *(SORT_BY_NAME(.sdh_req_observers*))
                0x000000000001c904                __sdh_req_observers_end__ = (__sdh_req_observers_start__ + SIZEOF (.sdh_req_observers))
                0x0000000000000000                __sdh_req_observers_size__ = SIZEOF (.sdh_req_observers)
                0x000000000001c904                __stop_sdh_req_observers = __sdh_req_observers_end__
                0x000000000001c904                __sdh_req_observers_load_end__ = __sdh_req_observers_end__
                0x0000000000000001                . = ASSERT (((__sdh_req_observers_start__ == __sdh_req_observers_end__) || ((__sdh_req_observers_end__ - __FLASH_segment_start__) <= __FLASH_segment_size__)), error: .sdh_req_observers is too large to fit in FLASH memory segment)
                0x000000000001c904                __sdh_state_observers_load_start__ = ALIGN (__sdh_req_observers_end__, 0x4)

.sdh_state_observers
                0x000000000001c904        0x8
                0x000000000001c904                __sdh_state_observers_start__ = .
                0x000000000001c904                __start_sdh_state_observers = __sdh_state_observers_start__
 *(SORT_BY_NAME(.sdh_state_observers*))
 .sdh_state_observers0
                0x000000000001c904        0x8 Output/FairDice Release/Obj/nrf_drv_clock.o
                0x000000000001c90c                __sdh_state_observers_end__ = (__sdh_state_observers_start__ + SIZEOF (.sdh_state_observers))
                0x0000000000000008                __sdh_state_observers_size__ = SIZEOF (.sdh_state_observers)
                0x000000000001c90c                __stop_sdh_state_observers = __sdh_state_observers_end__
                0x000000000001c90c                __sdh_state_observers_load_end__ = __sdh_state_observers_end__
                0x0000000000000001                . = ASSERT (((__sdh_state_observers_start__ == __sdh_state_observers_end__) || ((__sdh_state_observers_end__ - __FLASH_segment_start__) <= __FLASH_segment_size__)), error: .sdh_state_observers is too large to fit in FLASH memory segment)
                0x000000000001c90c                __sdh_stack_observers_load_start__ = ALIGN (__sdh_state_observers_end__, 0x4)

.sdh_stack_observers
                0x000000000001c90c       0x10
                0x000000000001c90c                __sdh_stack_observers_start__ = .
                0x000000000001c90c                __start_sdh_stack_observers = __sdh_stack_observers_start__
 *(SORT_BY_NAME(.sdh_stack_observers*))
 .sdh_stack_observers0
                0x000000000001c90c        0x8 Output/FairDice Release/Obj/nrf_sdh_ble.o
 .sdh_stack_observers0
                0x000000000001c914        0x8 Output/FairDice Release/Obj/nrf_sdh_soc.o
                0x000000000001c91c                __sdh_stack_observers_end__ = (__sdh_stack_observers_start__ + SIZEOF (.sdh_stack_observers))
                0x0000000000000010                __sdh_stack_observers_size__ = SIZEOF (.sdh_stack_observers)
                0x000000000001c91c                __stop_sdh_stack_observers = __sdh_stack_observers_end__
                0x000000000001c91c                __sdh_stack_observers_load_end__ = __sdh_stack_observers_end__
                0x0000000000000001                . = ASSERT (((__sdh_stack_observers_start__ == __sdh_stack_observers_end__) || ((__sdh_stack_observers_end__ - __FLASH_segment_start__) <= __FLASH_segment_size__)), error: .sdh_stack_observers is too large to fit in FLASH memory segment)
                0x000000000001c91c                __nrf_queue_load_start__ = ALIGN (__sdh_stack_observers_end__, 0x4)

.nrf_queue      0x000000000001c91c        0x0
                0x000000000001c91c                __nrf_queue_start__ = .
                0x000000000001c91c                __start_nrf_queue = __nrf_queue_start__
 *(.nrf_queue*)
                0x000000000001c91c                __nrf_queue_end__ = (__nrf_queue_start__ + SIZEOF (.nrf_queue))
                0x0000000000000000                __nrf_queue_size__ = SIZEOF (.nrf_queue)
                0x000000000001c91c                __stop_nrf_queue = __nrf_queue_end__
                0x000000000001c91c                __nrf_queue_load_end__ = __nrf_queue_end__
                0x0000000000000001                . = ASSERT (((__nrf_queue_start__ == __nrf_queue_end__) || ((__nrf_queue_end__ - __FLASH_segment_start__) <= __FLASH_segment_size__)), error: .nrf_queue is too large to fit in FLASH memory segment)
                0x000000000001c91c                __nrf_balloc_load_start__ = ALIGN (__nrf_queue_end__, 0x4)

.nrf_balloc     0x000000000001c91c       0x14
                0x000000000001c91c                __nrf_balloc_start__ = .
                0x000000000001c91c                __start_nrf_balloc = __nrf_balloc_start__
 *(.nrf_balloc*)
 .nrf_balloc    0x000000000001c91c       0x14 Output/FairDice Release/Obj/nrf_log_frontend.o
                0x000000000001c91c                log_mempool
                0x000000000001c930                __nrf_balloc_end__ = (__nrf_balloc_start__ + SIZEOF (.nrf_balloc))
                0x0000000000000014                __nrf_balloc_size__ = SIZEOF (.nrf_balloc)
                0x000000000001c930                __stop_nrf_balloc = __nrf_balloc_end__
                0x000000000001c930                __nrf_balloc_load_end__ = __nrf_balloc_end__
                0x0000000000000001                . = ASSERT (((__nrf_balloc_start__ == __nrf_balloc_end__) || ((__nrf_balloc_end__ - __FLASH_segment_start__) <= __FLASH_segment_size__)), error: .nrf_balloc is too large to fit in FLASH memory segment)
                0x000000000001c930                __cli_command_load_start__ = ALIGN (__nrf_balloc_end__, 0x4)

.cli_command    0x000000000001c930        0x0
                0x000000000001c930                __cli_command_start__ = .
                0x000000000001c930                __start_cli_command = __cli_command_start__
 *(.cli_command*)
                0x000000000001c930                __cli_command_end__ = (__cli_command_start__ + SIZEOF (.cli_command))
                0x0000000000000000                __cli_command_size__ = SIZEOF (.cli_command)
                0x000000000001c930                __stop_cli_command = __cli_command_end__
                0x000000000001c930                __cli_command_load_end__ = __cli_command_end__
                0x0000000000000001                . = ASSERT (((__cli_command_start__ == __cli_command_end__) || ((__cli_command_end__ - __FLASH_segment_start__) <= __FLASH_segment_size__)), error: .cli_command is too large to fit in FLASH memory segment)
                0x000000000001c930                __crypto_data_load_start__ = ALIGN (__cli_command_end__, 0x4)

.crypto_data    0x000000000001c930        0x0
                0x000000000001c930                __crypto_data_start__ = .
                0x000000000001c930                __start_crypto_data = __crypto_data_start__
 *(SORT_BY_NAME(.crypto_data*))
                0x000000000001c930                __crypto_data_end__ = (__crypto_data_start__ + SIZEOF (.crypto_data))
                0x0000000000000000                __crypto_data_size__ = SIZEOF (.crypto_data)
                0x000000000001c930                __stop_crypto_data = __crypto_data_end__
                0x000000000001c930                __crypto_data_load_end__ = __crypto_data_end__
                0x0000000000000001                . = ASSERT (((__crypto_data_start__ == __crypto_data_end__) || ((__crypto_data_end__ - __FLASH_segment_start__) <= __FLASH_segment_size__)), error: .crypto_data is too large to fit in FLASH memory segment)
                0x000000000001c930                __log_const_data_load_start__ = ALIGN (__crypto_data_end__, 0x4)

.log_const_data
                0x000000000001c930       0x78
                0x000000000001c930                __log_const_data_start__ = .
                0x000000000001c930                __start_log_const_data = __log_const_data_start__
 *(SORT_BY_NAME(.log_const_data*))
 .log_const_data_CLOCK
                0x000000000001c930        0x8 Output/FairDice Release/Obj/nrfx_clock.o
                0x000000000001c930                m_nrf_log_CLOCK_logs_data_const
 .log_const_data_GPIOTE
                0x000000000001c938        0x8 Output/FairDice Release/Obj/nrfx_gpiote.o
                0x000000000001c938                m_nrf_log_GPIOTE_logs_data_const
 .log_const_data_PRS
                0x000000000001c940        0x8 Output/FairDice Release/Obj/nrfx_prs.o
                0x000000000001c940                m_nrf_log_PRS_logs_data_const
 .log_const_data_UART
                0x000000000001c948        0x8 Output/FairDice Release/Obj/nrfx_uart.o
                0x000000000001c948                m_nrf_log_UART_logs_data_const
 .log_const_data_UARTE
                0x000000000001c950        0x8 Output/FairDice Release/Obj/nrfx_uarte.o
                0x000000000001c950                m_nrf_log_UARTE_logs_data_const
 .log_const_data_app
                0x000000000001c958        0x8 Output/FairDice Release/Obj/nrf_log_frontend.o
                0x000000000001c958                m_nrf_log_app_logs_data_const
 .log_const_data_app_button
                0x000000000001c960        0x8 Output/FairDice Release/Obj/app_button.o
                0x000000000001c960                m_nrf_log_app_button_logs_data_const
 .log_const_data_app_timer
                0x000000000001c968        0x8 Output/FairDice Release/Obj/app_timer2.o
                0x000000000001c968                m_nrf_log_app_timer_logs_data_const
 .log_const_data_clock
                0x000000000001c970        0x8 Output/FairDice Release/Obj/nrf_drv_clock.o
                0x000000000001c970                m_nrf_log_clock_logs_data_const
 .log_const_data_nrf_ble_gatt
                0x000000000001c978        0x8 Output/FairDice Release/Obj/nrf_ble_gatt.o
                0x000000000001c978                m_nrf_log_nrf_ble_gatt_logs_data_const
 .log_const_data_nrf_sdh
                0x000000000001c980        0x8 Output/FairDice Release/Obj/nrf_sdh.o
                0x000000000001c980                m_nrf_log_nrf_sdh_logs_data_const
 .log_const_data_nrf_sdh_ble
                0x000000000001c988        0x8 Output/FairDice Release/Obj/nrf_sdh_ble.o
                0x000000000001c988                m_nrf_log_nrf_sdh_ble_logs_data_const
 .log_const_data_nrf_sdh_soc
                0x000000000001c990        0x8 Output/FairDice Release/Obj/nrf_sdh_soc.o
                0x000000000001c990                m_nrf_log_nrf_sdh_soc_logs_data_const
 .log_const_data_pwr_mgmt
                0x000000000001c998        0x8 Output/FairDice Release/Obj/nrf_pwr_mgmt.o
                0x000000000001c998                m_nrf_log_pwr_mgmt_logs_data_const
 .log_const_data_sortlist
                0x000000000001c9a0        0x8 Output/FairDice Release/Obj/nrf_sortlist.o
                0x000000000001c9a0                m_nrf_log_sortlist_logs_data_const
                0x000000000001c9a8                __log_const_data_end__ = (__log_const_data_start__ + SIZEOF (.log_const_data))
                0x0000000000000078                __log_const_data_size__ = SIZEOF (.log_const_data)
                0x000000000001c9a8                __stop_log_const_data = __log_const_data_end__
                0x000000000001c9a8                __log_const_data_load_end__ = __log_const_data_end__
                0x0000000000000001                . = ASSERT (((__log_const_data_start__ == __log_const_data_end__) || ((__log_const_data_end__ - __FLASH_segment_start__) <= __FLASH_segment_size__)), error: .log_const_data is too large to fit in FLASH memory segment)
                0x000000000001c9a8                __log_backends_load_start__ = ALIGN (__log_const_data_end__, 0x4)

.log_backends   0x000000000001c9a8       0x10
                0x000000000001c9a8                __log_backends_start__ = .
                0x000000000001c9a8                __start_log_backends = __log_backends_start__
 *(SORT_BY_NAME(.log_backends*))
 .log_backends  0x000000000001c9a8       0x10 Output/FairDice Release/Obj/nrf_log_default_backends.o
                0x000000000001c9b8                __log_backends_end__ = (__log_backends_start__ + SIZEOF (.log_backends))
                0x0000000000000010                __log_backends_size__ = SIZEOF (.log_backends)
                0x000000000001c9b8                __stop_log_backends = __log_backends_end__
                0x000000000001c9b8                __log_backends_load_end__ = __log_backends_end__
                0x0000000000000001                . = ASSERT (((__log_backends_start__ == __log_backends_end__) || ((__log_backends_end__ - __FLASH_segment_start__) <= __FLASH_segment_size__)), error: .log_backends is too large to fit in FLASH memory segment)
                0x000000000001c9b8                __nrf_sections_load_start__ = ALIGN (__log_backends_end__, 0x4)

.nrf_sections   0x000000000001c9b8        0x0
                0x000000000001c9b8                __nrf_sections_start__ = .
                0x000000000001c9b8                __start_nrf_sections = __nrf_sections_start__
 *(.nrf_sections .nrf_sections.*)
                0x000000000001c9b8                __nrf_sections_end__ = (__nrf_sections_start__ + SIZEOF (.nrf_sections))
                0x0000000000000000                __nrf_sections_size__ = SIZEOF (.nrf_sections)
                0x000000000001c9b8                __nrf_sections_load_end__ = __nrf_sections_end__
                0x0000000000000001                . = ASSERT (((__nrf_sections_start__ == __nrf_sections_end__) || ((__nrf_sections_end__ - __FLASH_segment_start__) <= __FLASH_segment_size__)), error: .nrf_sections is too large to fit in FLASH memory segment)
                0x000000000001c9b8                __cli_sorted_cmd_ptrs_load_start__ = ALIGN (__nrf_sections_end__, 0x4)

.cli_sorted_cmd_ptrs
                0x0000000020001ae0        0x0 load address 0x000000000001c9b8
                0x0000000020001ae0                __cli_sorted_cmd_ptrs_start__ = .
 *(.cli_sorted_cmd_ptrs*)
                0x0000000020001ae0                __cli_sorted_cmd_ptrs_end__ = (__cli_sorted_cmd_ptrs_start__ + SIZEOF (.cli_sorted_cmd_ptrs))
                0x0000000000000000                __cli_sorted_cmd_ptrs_size__ = SIZEOF (.cli_sorted_cmd_ptrs)
                0x000000000001c9b8                __cli_sorted_cmd_ptrs_load_end__ = (__cli_sorted_cmd_ptrs_load_start__ + SIZEOF (.cli_sorted_cmd_ptrs))
                0x0000000000000001                . = ASSERT (((__cli_sorted_cmd_ptrs_load_start__ == __cli_sorted_cmd_ptrs_load_end__) || ((__cli_sorted_cmd_ptrs_load_end__ - __FLASH_segment_start__) <= __FLASH_segment_size__)), error: .cli_sorted_cmd_ptrs is too large to fit in FLASH memory segment)

.cli_sorted_cmd_ptrs_run
                0x0000000020001ae0        0x0
                0x0000000020001ae0                __cli_sorted_cmd_ptrs_run_start__ = .
                0x0000000020001ae0                __start_cli_sorted_cmd_ptrs = __cli_sorted_cmd_ptrs_run_start__
                0x0000000020001ae0                . = MAX ((__cli_sorted_cmd_ptrs_run_start__ + SIZEOF (.cli_sorted_cmd_ptrs)), .)
                0x0000000020001ae0                __cli_sorted_cmd_ptrs_run_end__ = (__cli_sorted_cmd_ptrs_run_start__ + SIZEOF (.cli_sorted_cmd_ptrs_run))
                0x0000000000000000                __cli_sorted_cmd_ptrs_run_size__ = SIZEOF (.cli_sorted_cmd_ptrs_run)
                0x0000000020001ae0                __stop_cli_sorted_cmd_ptrs = __cli_sorted_cmd_ptrs_run_end__
                0x0000000020001ae0                __cli_sorted_cmd_ptrs_run_load_end__ = __cli_sorted_cmd_ptrs_run_end__
                0x0000000000000001                . = ASSERT (((__cli_sorted_cmd_ptrs_run_start__ == __cli_sorted_cmd_ptrs_run_end__) || ((__cli_sorted_cmd_ptrs_run_end__ - __RAM1_segment_start__) <= __RAM1_segment_size__)), error: .cli_sorted_cmd_ptrs_run is too large to fit in RAM1 memory segment)
                0x000000000001c9b8                __fs_data_load_start__ = ALIGN ((__cli_sorted_cmd_ptrs_load_start__ + SIZEOF (.cli_sorted_cmd_ptrs)), 0x4)

.fs_data        0x0000000020001ae0        0x0 load address 0x000000000001c9b8
                0x0000000020001ae0                __fs_data_start__ = .
 *(.fs_data*)
                0x0000000020001ae0                __fs_data_end__ = (__fs_data_start__ + SIZEOF (.fs_data))
                0x0000000000000000                __fs_data_size__ = SIZEOF (.fs_data)
                0x000000000001c9b8                __fs_data_load_end__ = (__fs_data_load_start__ + SIZEOF (.fs_data))
                0x0000000000000001                . = ASSERT (((__fs_data_load_start__ == __fs_data_load_end__) || ((__fs_data_load_end__ - __FLASH_segment_start__) <= __FLASH_segment_size__)), error: .fs_data is too large to fit in FLASH memory segment)

.fs_data_run    0x0000000020001ae0        0x0
                0x0000000020001ae0                __fs_data_run_start__ = .
                0x0000000020001ae0                __start_fs_data = __fs_data_run_start__
                0x0000000020001ae0                . = MAX ((__fs_data_run_start__ + SIZEOF (.fs_data)), .)
                0x0000000020001ae0                __fs_data_run_end__ = (__fs_data_run_start__ + SIZEOF (.fs_data_run))
                0x0000000000000000                __fs_data_run_size__ = SIZEOF (.fs_data_run)
                0x0000000020001ae0                __stop_fs_data = __fs_data_run_end__
                0x0000000020001ae0                __fs_data_run_load_end__ = __fs_data_run_end__
                0x0000000000000001                . = ASSERT (((__fs_data_run_start__ == __fs_data_run_end__) || ((__fs_data_run_end__ - __RAM1_segment_start__) <= __RAM1_segment_size__)), error: .fs_data_run is too large to fit in RAM1 memory segment)
                0x000000000001c9b8                __log_dynamic_data_load_start__ = ALIGN ((__fs_data_load_start__ + SIZEOF (.fs_data)), 0x4)

.log_dynamic_data
                0x0000000020001ae0        0x0 load address 0x000000000001c9b8
                0x0000000020001ae0                __log_dynamic_data_start__ = .
 *(SORT_BY_NAME(.log_dynamic_data*))
                0x0000000020001ae0                __log_dynamic_data_end__ = (__log_dynamic_data_start__ + SIZEOF (.log_dynamic_data))
                0x0000000000000000                __log_dynamic_data_size__ = SIZEOF (.log_dynamic_data)
                0x000000000001c9b8                __log_dynamic_data_load_end__ = (__log_dynamic_data_load_start__ + SIZEOF (.log_dynamic_data))
                0x0000000000000001                . = ASSERT (((__log_dynamic_data_load_start__ == __log_dynamic_data_load_end__) || ((__log_dynamic_data_load_end__ - __FLASH_segment_start__) <= __FLASH_segment_size__)), error: .log_dynamic_data is too large to fit in FLASH memory segment)

.log_dynamic_data_run
                0x0000000020001ae0        0x0
                0x0000000020001ae0                __log_dynamic_data_run_start__ = .
                0x0000000020001ae0                __start_log_dynamic_data = __log_dynamic_data_run_start__
                0x0000000020001ae0                . = MAX ((__log_dynamic_data_run_start__ + SIZEOF (.log_dynamic_data)), .)
                0x0000000020001ae0                __log_dynamic_data_run_end__ = (__log_dynamic_data_run_start__ + SIZEOF (.log_dynamic_data_run))
                0x0000000000000000                __log_dynamic_data_run_size__ = SIZEOF (.log_dynamic_data_run)
                0x0000000020001ae0                __stop_log_dynamic_data = __log_dynamic_data_run_end__
                0x0000000020001ae0                __log_dynamic_data_run_load_end__ = __log_dynamic_data_run_end__
                0x0000000000000001                . = ASSERT (((__log_dynamic_data_run_start__ == __log_dynamic_data_run_end__) || ((__log_dynamic_data_run_end__ - __RAM1_segment_start__) <= __RAM1_segment_size__)), error: .log_dynamic_data_run is too large to fit in RAM1 memory segment)
                0x000000000001c9b8                __log_filter_data_load_start__ = ALIGN ((__log_dynamic_data_load_start__ + SIZEOF (.log_dynamic_data)), 0x4)

.log_filter_data
                0x0000000020001ae0        0x0 load address 0x000000000001c9b8
                0x0000000020001ae0                __log_filter_data_start__ = .
 *(SORT_BY_NAME(.log_filter_data*))
                0x0000000020001ae0                __log_filter_data_end__ = (__log_filter_data_start__ + SIZEOF (.log_filter_data))
                0x0000000000000000                __log_filter_data_size__ = SIZEOF (.log_filter_data)
                0x000000000001c9b8                __log_filter_data_load_end__ = (__log_filter_data_load_start__ + SIZEOF (.log_filter_data))
                0x0000000000000001                . = ASSERT (((__log_filter_data_load_start__ == __log_filter_data_load_end__) || ((__log_filter_data_load_end__ - __FLASH_segment_start__) <= __FLASH_segment_size__)), error: .log_filter_data is too large to fit in FLASH memory segment)

.log_filter_data_run
                0x0000000020001ae0        0x0
                0x0000000020001ae0                __log_filter_data_run_start__ = .
                0x0000000020001ae0                __start_log_filter_data = __log_filter_data_run_start__
                0x0000000020001ae0                . = MAX ((__log_filter_data_run_start__ + SIZEOF (.log_filter_data)), .)
                0x0000000020001ae0                __log_filter_data_run_end__ = (__log_filter_data_run_start__ + SIZEOF (.log_filter_data_run))
                0x0000000000000000                __log_filter_data_run_size__ = SIZEOF (.log_filter_data_run)
                0x0000000020001ae0                __stop_log_filter_data = __log_filter_data_run_end__
                0x0000000020001ae0                __log_filter_data_run_load_end__ = __log_filter_data_run_end__
                0x0000000000000001                . = ASSERT (((__log_filter_data_run_start__ == __log_filter_data_run_end__) || ((__log_filter_data_run_end__ - __RAM1_segment_start__) <= __RAM1_segment_size__)), error: .log_filter_data_run is too large to fit in RAM1 memory segment)
                0x0000000020001ae0                __nrf_sections_run_end_load_start__ = ALIGN (__log_filter_data_run_end__, 0x4)

.nrf_sections_run_end
                0x0000000020001ae0        0x0
                0x0000000020001ae0                __nrf_sections_run_end_start__ = .
                0x0000000020001ae0                __end_nrf_sections_run = __nrf_sections_run_end_start__
 *(.nrf_sections_run_end .nrf_sections_run_end.*)
                0x0000000020001ae0                __nrf_sections_run_end_end__ = (__nrf_sections_run_end_start__ + SIZEOF (.nrf_sections_run_end))
                0x0000000000000000                __nrf_sections_run_end_size__ = SIZEOF (.nrf_sections_run_end)
                0x0000000020001ae0                __nrf_sections_run_end_load_end__ = __nrf_sections_run_end_end__
                0x0000000000000001                . = ASSERT (((__nrf_sections_run_end_start__ == __nrf_sections_run_end_end__) || ((__nrf_sections_run_end_end__ - __RAM1_segment_start__) <= __RAM1_segment_size__)), error: .nrf_sections_run_end is too large to fit in RAM1 memory segment)
                0x000000000001c9b8                __dtors_load_start__ = ALIGN ((__log_filter_data_load_start__ + SIZEOF (.log_filter_data)), 0x4)

.dtors          0x000000000001c9b8        0x0
                0x000000000001c9b8                __dtors_start__ = .
 *(SORT_BY_NAME(.dtors.*))
 *(.dtors)
 *(.fini_array)
 *(SORT_BY_NAME(.fini_array.*))
                0x000000000001c9b8                __dtors_end__ = (__dtors_start__ + SIZEOF (.dtors))
                0x0000000000000000                __dtors_size__ = SIZEOF (.dtors)
                0x000000000001c9b8                __dtors_load_end__ = __dtors_end__
                0x0000000000000001                . = ASSERT (((__dtors_start__ == __dtors_end__) || ((__dtors_end__ - __FLASH_segment_start__) <= __FLASH_segment_size__)), error: .dtors is too large to fit in FLASH memory segment)
                0x000000000001c9b8                __ctors_load_start__ = ALIGN (__dtors_end__, 0x4)

.ctors          0x000000000001c9b8        0x0
                0x000000000001c9b8                __ctors_start__ = .
 *(SORT_BY_NAME(.ctors.*))
 *(.ctors)
 *(.init_array)
 *(SORT_BY_NAME(.init_array.*))
                0x000000000001c9b8                __ctors_end__ = (__ctors_start__ + SIZEOF (.ctors))
                0x0000000000000000                __ctors_size__ = SIZEOF (.ctors)
                0x000000000001c9b8                __ctors_load_end__ = __ctors_end__
                0x0000000000000001                . = ASSERT (((__ctors_start__ == __ctors_end__) || ((__ctors_end__ - __FLASH_segment_start__) <= __FLASH_segment_size__)), error: .ctors is too large to fit in FLASH memory segment)
                0x000000000001c9b8                __rodata_load_start__ = ALIGN (__ctors_end__, 0x4)

.rodata         0x000000000001c9b8      0xca4
                0x000000000001c9b8                __rodata_start__ = .
 *(.rodata .rodata.* .gnu.linkonce.r.*)
 *fill*         0x000000000001c9b8        0x8 
 .rodata.delay_machine_code.7241
                0x000000000001c9c0        0x6 Output/FairDice Release/Obj/nrf_log_backend_rtt.o
 *fill*         0x000000000001c9c6        0x2 
 .rodata.nrf_log_backend_rtt_api
                0x000000000001c9c8        0xc Output/FairDice Release/Obj/nrf_log_backend_rtt.o
                0x000000000001c9c8                nrf_log_backend_rtt_api
 .rodata.str1.1
                0x000000000001c9d4       0x10 Output/FairDice Release/Obj/nrf_log_default_backends.o
 .rodata.m_log_push_ringbuf
                0x000000000001c9e4        0xc Output/FairDice Release/Obj/nrf_log_frontend.o
 .rodata.nrf_log_frontend_dequeue.str1.1
                0x000000000001c9f0       0x11 Output/FairDice Release/Obj/nrf_log_frontend.o
 .rodata.str1.1
                0x000000000001ca01        0x4 Output/FairDice Release/Obj/nrf_log_frontend.o
 *fill*         0x000000000001ca05        0x3 
 .rodata.m_colors
                0x000000000001ca08       0x24 Output/FairDice Release/Obj/nrf_log_str_formatter.o
 .rodata.nrf_log_hexdump_entry_process.str1.1
                0x000000000001ca2c        0xf Output/FairDice Release/Obj/nrf_log_str_formatter.o
                                         0x11 (size before relaxing)
 .rodata.postfix_process.str1.1
                0x000000000001ca3b        0x8 Output/FairDice Release/Obj/nrf_log_str_formatter.o
                                          0xb (size before relaxing)
 .rodata.prefix_process.str1.1
                0x000000000001ca43       0x2a Output/FairDice Release/Obj/nrf_log_str_formatter.o
 *fill*         0x000000000001ca6d        0x3 
 .rodata.severity_names
                0x000000000001ca70       0x14 Output/FairDice Release/Obj/nrf_log_str_formatter.o
 .rodata.str1.1
                0x000000000001ca84       0x4b Output/FairDice Release/Obj/nrf_log_str_formatter.o
                                         0x51 (size before relaxing)
 .rodata.str1.1
                0x000000000001cacf        0xb Output/FairDice Release/Obj/app_button.o
 .rodata.app_error_fault_handler.str1.1
                0x000000000001cada       0x19 Output/FairDice Release/Obj/app_error_weak.o
 *fill*         0x000000000001caf3        0x1 
 .rodata        0x000000000001caf4        0x4 Output/FairDice Release/Obj/app_timer2.o
 .rodata.m_app_timer_sortlist
                0x000000000001caf8        0xc Output/FairDice Release/Obj/app_timer2.o
 .rodata.str1.1
                0x000000000001cb04        0xa Output/FairDice Release/Obj/app_timer2.o
 *fill*         0x000000000001cb0e        0x2 
 .rodata.delay_machine_code.6633
                0x000000000001cb10        0x6 Output/FairDice Release/Obj/drv_rtc.o
 .rodata.drv_rtc_init.str1.1
                0x000000000001cb16       0x34 Output/FairDice Release/Obj/drv_rtc.o
 .rodata._aV2C.6153
                0x000000000001cb4a       0x10 Output/FairDice Release/Obj/nrf_fprintf_format.o
 *fill*         0x000000000001cb5a        0x2 
 .rodata.pwr_mgmt_data
                0x000000000001cb5c        0xc Output/FairDice Release/Obj/nrf_pwr_mgmt.o
 .rodata.str1.1
                0x000000000001cb68        0x9 Output/FairDice Release/Obj/nrf_pwr_mgmt.o
 .rodata.str1.1
                0x000000000001cb71        0x9 Output/FairDice Release/Obj/nrf_sortlist.o
 .rodata.m_unknown_str
                0x000000000001cb7a       0x13 Output/FairDice Release/Obj/nrf_strerror.o
 *fill*         0x000000000001cb8d        0x3 
 .rodata.nrf_strerror_array
                0x000000000001cb90      0x128 Output/FairDice Release/Obj/nrf_strerror.o
 .rodata.str1.1
                0x000000000001ccb8      0x3ba Output/FairDice Release/Obj/nrf_strerror.o
 .rodata.str1.1
                0x000000000001d072        0x6 Output/FairDice Release/Obj/nrf_drv_clock.o
 .rodata.str1.1
                0x000000000001d078        0x6 Output/FairDice Release/Obj/nrfx_clock.o
 .rodata.str1.1
                0x000000000001d07e        0x7 Output/FairDice Release/Obj/nrfx_gpiote.o
 .rodata.str1.1
                0x000000000001d085        0x4 Output/FairDice Release/Obj/nrfx_prs.o
 .rodata.str1.1
                0x000000000001d089        0x5 Output/FairDice Release/Obj/nrfx_uart.o
 .rodata.str1.1
                0x000000000001d08e        0x6 Output/FairDice Release/Obj/nrfx_uarte.o
 .rodata.ble_evt_handler.str1.1
                0x000000000001d094       0x17 Output/FairDice Release/Obj/main.o
 .rodata.main.str1.1
                0x000000000001d0ab       0x51 Output/FairDice Release/Obj/main.o
 .rodata._DoInit.str1.1
                0x000000000001d0fc       0x14 Output/FairDice Release/Obj/SEGGER_RTT.o
 .rodata.nrf_ble_gatt_on_ble_evt.str1.1
                0x000000000001d110       0x60 Output/FairDice Release/Obj/nrf_ble_gatt.o
 .rodata.str1.1
                0x000000000001d170        0xd Output/FairDice Release/Obj/nrf_ble_gatt.o
 .rodata        0x000000000001d17d       0x10 Output/FairDice Release/Obj/ble_lbs.o
 .rodata        0x000000000001d18d        0x4 Output/FairDice Release/Obj/nrf_sdh.o
 *fill*         0x000000000001d191        0x3 
 .rodata.sdh_req_observers
                0x000000000001d194        0xc Output/FairDice Release/Obj/nrf_sdh.o
 .rodata.sdh_stack_observers
                0x000000000001d1a0        0xc Output/FairDice Release/Obj/nrf_sdh.o
 .rodata.sdh_state_observers
                0x000000000001d1ac        0xc Output/FairDice Release/Obj/nrf_sdh.o
 .rodata.str1.1
                0x000000000001d1b8        0x8 Output/FairDice Release/Obj/nrf_sdh.o
 .rodata.nrf_sdh_ble_default_cfg_set.str1.1
                0x000000000001d1c0      0x182 Output/FairDice Release/Obj/nrf_sdh_ble.o
 .rodata.nrf_sdh_ble_enable.str1.1
                0x000000000001d342       0xa7 Output/FairDice Release/Obj/nrf_sdh_ble.o
 *fill*         0x000000000001d3e9        0x3 
 .rodata.sdh_ble_observers
                0x000000000001d3ec        0xc Output/FairDice Release/Obj/nrf_sdh_ble.o
 .rodata.str1.1
                0x000000000001d3f8        0xc Output/FairDice Release/Obj/nrf_sdh_ble.o
 .rodata.sdh_soc_observers
                0x000000000001d404        0xc Output/FairDice Release/Obj/nrf_sdh_soc.o
 .rodata.str1.1
                0x000000000001d410        0xc Output/FairDice Release/Obj/nrf_sdh_soc.o
 .rodata.libc.__RAL_ascii_ctype_map
                0x000000000001d41c       0x80 C:/Program Files/SEGGER/SEGGER Embedded Studio for ARM 4.16/lib/libc_v7em_t_le_eabi.a(libc2.o)
                0x000000000001d41c                __RAL_ascii_ctype_map
 .rodata.libc.__RAL_ascii_ctype_mask
                0x000000000001d49c        0xd C:/Program Files/SEGGER/SEGGER Embedded Studio for ARM 4.16/lib/libc_v7em_t_le_eabi.a(libc2.o)
 *fill*         0x000000000001d4a9        0x3 
 .rodata.libc.__RAL_c_locale
                0x000000000001d4ac        0xc C:/Program Files/SEGGER/SEGGER Embedded Studio for ARM 4.16/lib/libc_v7em_t_le_eabi.a(libc2.o)
                0x000000000001d4ac                __RAL_c_locale
 .rodata.libc.__RAL_c_locale_abbrev_day_names
                0x000000000001d4b8       0x1d C:/Program Files/SEGGER/SEGGER Embedded Studio for ARM 4.16/lib/libc_v7em_t_le_eabi.a(libc2.o)
                0x000000000001d4b8                __RAL_c_locale_abbrev_day_names
 *fill*         0x000000000001d4d5        0x3 
 .rodata.libc.__RAL_c_locale_abbrev_month_names
                0x000000000001d4d8       0x31 C:/Program Files/SEGGER/SEGGER Embedded Studio for ARM 4.16/lib/libc_v7em_t_le_eabi.a(libc2.o)
                0x000000000001d4d8                __RAL_c_locale_abbrev_month_names
 *fill*         0x000000000001d509        0x3 
 .rodata.libc.__RAL_c_locale_am_pm_indicator
                0x000000000001d50c        0x7 C:/Program Files/SEGGER/SEGGER Embedded Studio for ARM 4.16/lib/libc_v7em_t_le_eabi.a(libc2.o)
                0x000000000001d50c                __RAL_c_locale_am_pm_indicator
 *fill*         0x000000000001d513        0x1 
 .rodata.libc.__RAL_c_locale_data
                0x000000000001d514       0x58 C:/Program Files/SEGGER/SEGGER Embedded Studio for ARM 4.16/lib/libc_v7em_t_le_eabi.a(libc2.o)
                0x000000000001d514                __RAL_c_locale_data
 .rodata.libc.__RAL_c_locale_date_format
                0x000000000001d56c        0x9 C:/Program Files/SEGGER/SEGGER Embedded Studio for ARM 4.16/lib/libc_v7em_t_le_eabi.a(libc2.o)
                0x000000000001d56c                __RAL_c_locale_date_format
 *fill*         0x000000000001d575        0x3 
 .rodata.libc.__RAL_c_locale_date_time_format
                0x000000000001d578        0xf C:/Program Files/SEGGER/SEGGER Embedded Studio for ARM 4.16/lib/libc_v7em_t_le_eabi.a(libc2.o)
                0x000000000001d578                __RAL_c_locale_date_time_format
 *fill*         0x000000000001d587        0x1 
 .rodata.libc.__RAL_c_locale_day_names
                0x000000000001d588       0x3a C:/Program Files/SEGGER/SEGGER Embedded Studio for ARM 4.16/lib/libc_v7em_t_le_eabi.a(libc2.o)
                0x000000000001d588                __RAL_c_locale_day_names
 *fill*         0x000000000001d5c2        0x2 
 .rodata.libc.__RAL_c_locale_month_names
                0x000000000001d5c4       0x57 C:/Program Files/SEGGER/SEGGER Embedded Studio for ARM 4.16/lib/libc_v7em_t_le_eabi.a(libc2.o)
                0x000000000001d5c4                __RAL_c_locale_month_names
 *fill*         0x000000000001d61b        0x1 
 .rodata.libc.__RAL_c_locale_time_format
                0x000000000001d61c        0x9 C:/Program Files/SEGGER/SEGGER Embedded Studio for ARM 4.16/lib/libc_v7em_t_le_eabi.a(libc2.o)
                0x000000000001d61c                __RAL_c_locale_time_format
 *fill*         0x000000000001d625        0x3 
 .rodata.libc.__RAL_codeset_ascii
                0x000000000001d628       0x20 C:/Program Files/SEGGER/SEGGER Embedded Studio for ARM 4.16/lib/libc_v7em_t_le_eabi.a(libc2.o)
                0x000000000001d628                __RAL_codeset_ascii
 .rodata.libc.__RAL_data_empty_string
                0x000000000001d648        0x1 C:/Program Files/SEGGER/SEGGER Embedded Studio for ARM 4.16/lib/libc_v7em_t_le_eabi.a(libc2.o)
                0x000000000001d648                __RAL_data_empty_string
 *fill*         0x000000000001d649        0x3 
 .rodata.libc.__RAL_data_utf8_period
                0x000000000001d64c        0x2 C:/Program Files/SEGGER/SEGGER Embedded Studio for ARM 4.16/lib/libc_v7em_t_le_eabi.a(libc2.o)
                0x000000000001d64c                __RAL_data_utf8_period
 *fill*         0x000000000001d64e        0x2 
 .rodata.libc.__RAL_find_locale.str1.4
                0x000000000001d650        0xc C:/Program Files/SEGGER/SEGGER Embedded Studio for ARM 4.16/lib/libc_v7em_t_le_eabi.a(libc2.o)
                                          0xa (size before relaxing)
                0x000000000001d65c                __rodata_end__ = (__rodata_start__ + SIZEOF (.rodata))
                0x0000000000000ca4                __rodata_size__ = SIZEOF (.rodata)
                0x000000000001d65c                __rodata_load_end__ = __rodata_end__

.rel.dyn        0x000000000001d65c        0x0
 .rel.iplt      0x000000000001d65c        0x0 Output/FairDice Release/Obj/thumb_crt0.o
                0x0000000000000001                . = ASSERT (((__rodata_start__ == __rodata_end__) || ((__rodata_end__ - __FLASH_segment_start__) <= __FLASH_segment_size__)), error: .rodata is too large to fit in FLASH memory segment)
                0x000000000001d65c                __ARM.exidx_load_start__ = ALIGN (__rodata_end__, 0x4)

.ARM.exidx      0x000000000001d65c        0x0
                0x000000000001d65c                __ARM.exidx_start__ = .
                0x000000000001d65c                __exidx_start = __ARM.exidx_start__
 *(.ARM.exidx .ARM.exidx.*)
                0x000000000001d65c                __ARM.exidx_end__ = (__ARM.exidx_start__ + SIZEOF (.ARM.exidx))
                0x0000000000000000                __ARM.exidx_size__ = SIZEOF (.ARM.exidx)
                0x000000000001d65c                __exidx_end = __ARM.exidx_end__
                0x000000000001d65c                __ARM.exidx_load_end__ = __ARM.exidx_end__
                0x0000000000000001                . = ASSERT (((__ARM.exidx_start__ == __ARM.exidx_end__) || ((__ARM.exidx_end__ - __FLASH_segment_start__) <= __FLASH_segment_size__)), error: .ARM.exidx is too large to fit in FLASH memory segment)
                0x000000000001d65c                __fast_load_start__ = ALIGN (__ARM.exidx_end__, 0x4)

.fast           0x0000000020001ae0        0x0 load address 0x000000000001d65c
                0x0000000020001ae0                __fast_start__ = .
 *(.fast .fast.*)
                0x0000000020001ae0                __fast_end__ = (__fast_start__ + SIZEOF (.fast))
                0x0000000000000000                __fast_size__ = SIZEOF (.fast)
                0x000000000001d65c                __fast_load_end__ = (__fast_load_start__ + SIZEOF (.fast))
                0x0000000000000001                . = ASSERT (((__fast_load_start__ == __fast_load_end__) || ((__fast_load_end__ - __FLASH_segment_start__) <= __FLASH_segment_size__)), error: .fast is too large to fit in FLASH memory segment)

.fast_run       0x0000000020001ae0        0x0
                0x0000000020001ae0                __fast_run_start__ = .
                0x0000000020001ae0                . = MAX ((__fast_run_start__ + SIZEOF (.fast)), .)
                0x0000000020001ae0                __fast_run_end__ = (__fast_run_start__ + SIZEOF (.fast_run))
                0x0000000000000000                __fast_run_size__ = SIZEOF (.fast_run)
                0x0000000020001ae0                __fast_run_load_end__ = __fast_run_end__
                0x0000000000000001                . = ASSERT (((__fast_run_start__ == __fast_run_end__) || ((__fast_run_end__ - __RAM1_segment_start__) <= __RAM1_segment_size__)), error: .fast_run is too large to fit in RAM1 memory segment)
                0x000000000001d65c                __data_load_start__ = ALIGN ((__fast_load_start__ + SIZEOF (.fast)), 0x4)

.data           0x0000000020001ae0       0x3c load address 0x000000000001d65c
                0x0000000020001ae0                __data_start__ = .
 *(.data .data.* .gnu.linkonce.d.*)
 .data.log_backend_cb_rtt_log_backend
                0x0000000020001ae0        0x8 Output/FairDice Release/Obj/nrf_log_default_backends.o
 .data.m_rtc_inst
                0x0000000020001ae8        0x8 Output/FairDice Release/Obj/app_timer2.o
 .data.SystemCoreClock
                0x0000000020001af0        0x4 Output/FairDice Release/Obj/system_nrf52811.o
                0x0000000020001af0                SystemCoreClock
 .data.m_adv_data
                0x0000000020001af4       0x10 Output/FairDice Release/Obj/main.o
 .data.m_adv_handle
                0x0000000020001b04        0x1 Output/FairDice Release/Obj/main.o
 *fill*         0x0000000020001b05        0x1 
 .data.m_conn_handle
                0x0000000020001b06        0x2 Output/FairDice Release/Obj/main.o
 .data.libc.__RAL_global_locale
                0x0000000020001b08       0x14 C:/Program Files/SEGGER/SEGGER Embedded Studio for ARM 4.16/lib/libc_v7em_t_le_eabi.a(libc2.o)
                0x0000000020001b08                __RAL_global_locale
                0x0000000020001b1c                __data_end__ = (__data_start__ + SIZEOF (.data))
                0x000000000000003c                __data_size__ = SIZEOF (.data)
                0x000000000001d698                __data_load_end__ = (__data_load_start__ + SIZEOF (.data))

.igot.plt       0x0000000100000000        0x0
 .igot.plt      0x0000000100000000        0x0 Output/FairDice Release/Obj/thumb_crt0.o
                0x0000000000000001                . = ASSERT (((__data_load_start__ == __data_load_end__) || ((__data_load_end__ - __FLASH_segment_start__) <= __FLASH_segment_size__)), error: .data is too large to fit in FLASH memory segment)

.data_run       0x0000000020001ae0       0x3c load address 0x000000000001d65c
                0x0000000020001ae0                __data_run_start__ = .
                0x0000000020001b1c                . = MAX ((__data_run_start__ + SIZEOF (.data)), .)
 *fill*         0x0000000020001ae0       0x3c 
                0x0000000020001b1c                __data_run_end__ = (__data_run_start__ + SIZEOF (.data_run))
                0x000000000000003c                __data_run_size__ = SIZEOF (.data_run)
                0x0000000020001b1c                __data_run_load_end__ = __data_run_end__
                0x0000000000000001                . = ASSERT (((__data_run_start__ == __data_run_end__) || ((__data_run_end__ - __RAM1_segment_start__) <= __RAM1_segment_size__)), error: .data_run is too large to fit in RAM1 memory segment)
                0x000000000001d698                __tdata_load_start__ = ALIGN ((__data_load_start__ + SIZEOF (.data)), 0x4)

.tdata          0x0000000020001b1c        0x0 load address 0x000000000001d698
                0x0000000020001b1c                __tdata_start__ = .
 *(.tdata .tdata.*)
                0x0000000020001b1c                __tdata_end__ = (__tdata_start__ + SIZEOF (.tdata))
                0x0000000000000000                __tdata_size__ = SIZEOF (.tdata)
                0x000000000001d698                __tdata_load_end__ = (__tdata_load_start__ + SIZEOF (.tdata))
                0x000000000001d698                __FLASH_segment_used_end__ = (ALIGN ((__data_load_start__ + SIZEOF (.data)), 0x4) + SIZEOF (.tdata))
                0x000000000001d698                __FLASH_segment_used_size__ = (__FLASH_segment_used_end__ - __FLASH_segment_start__)
                0x0000000000000001                . = ASSERT (((__tdata_load_start__ == __tdata_load_end__) || ((__tdata_load_end__ - __FLASH_segment_start__) <= __FLASH_segment_size__)), error: .tdata is too large to fit in FLASH memory segment)

.tdata_run      0x0000000020001b1c        0x0
                0x0000000020001b1c                __tdata_run_start__ = .
                0x0000000020001b1c                . = MAX ((__tdata_run_start__ + SIZEOF (.tdata)), .)
                0x0000000020001b1c                __tdata_run_end__ = (__tdata_run_start__ + SIZEOF (.tdata_run))
                0x0000000000000000                __tdata_run_size__ = SIZEOF (.tdata_run)
                0x0000000020001b1c                __tdata_run_load_end__ = __tdata_run_end__
                0x0000000000000001                . = ASSERT (((__tdata_run_start__ == __tdata_run_end__) || ((__tdata_run_end__ - __RAM1_segment_start__) <= __RAM1_segment_size__)), error: .tdata_run is too large to fit in RAM1 memory segment)
                0x0000000020001b1c                __bss_load_start__ = ALIGN (__tdata_run_end__, 0x4)

.bss            0x0000000020001b1c      0xad4
                0x0000000020001b1c                __bss_start__ = .
 *(.bss .bss.* .gnu.linkonce.b.*)
 .bss.m_host_present
                0x0000000020001b1c        0x1 Output/FairDice Release/Obj/nrf_log_backend_rtt.o
 .bss.m_string_buff
                0x0000000020001b1d       0x40 Output/FairDice Release/Obj/nrf_log_backend_rtt.o
 *fill*         0x0000000020001b5d        0x3 
 .bss.log_mempool_nrf_balloc_cb
                0x0000000020001b60        0x8 Output/FairDice Release/Obj/nrf_log_frontend.o
 .bss.log_mempool_nrf_balloc_pool_mem
                0x0000000020001b68       0xc0 Output/FairDice Release/Obj/nrf_log_frontend.o
 .bss.log_mempool_nrf_balloc_pool_stack
                0x0000000020001c28        0x8 Output/FairDice Release/Obj/nrf_log_frontend.o
 .bss.m_log_data
                0x0000000020001c30      0x420 Output/FairDice Release/Obj/nrf_log_frontend.o
 .bss.m_log_push_ringbuf_buf
                0x0000000020002050       0x80 Output/FairDice Release/Obj/nrf_log_frontend.o
 .bss.m_log_push_ringbuf_cb
                0x00000000200020d0       0x18 Output/FairDice Release/Obj/nrf_log_frontend.o
 .bss.m_app_timer_sortlist_sortlist_cb
                0x00000000200020e8        0x4 Output/FairDice Release/Obj/app_timer2.o
 *fill*         0x00000000200020ec        0x4 
 .bss.m_base_counter
                0x00000000200020f0        0x8 Output/FairDice Release/Obj/app_timer2.o
 .bss.m_global_active
                0x00000000200020f8        0x1 Output/FairDice Release/Obj/app_timer2.o